2026-07-08 12:50:42,286 INFO __main__: Starting application
2026-07-08 12:50:53,702 DEBUG matplotlib: matplotlib data path: C:\Users\gkaki\Desktop\Lidar avec interface\Lidar avec interface\venv\Lib\site-packages\matplotlib\mpl-data
2026-07-08 12:50:53,752 DEBUG matplotlib: CONFIGDIR=C:\Users\gkaki\.matplotlib
2026-07-08 12:50:53,756 DEBUG matplotlib: interactive is False
2026-07-08 12:50:53,756 DEBUG matplotlib: platform is win32
2026-07-08 12:50:54,023 DEBUG matplotlib: CACHEDIR=C:\Users\gkaki\.matplotlib
2026-07-08 12:50:54,069 DEBUG matplotlib.font_manager: Using fontManager instance from C:\Users\gkaki\.matplotlib\fontlist-v3.11.0.json
2026-07-08 12:50:56,599 INFO OpenGL.acceleratesupport: No OpenGL_accelerate module loaded: No module named 'OpenGL_accelerate'
2026-07-08 12:50:57,537 DEBUG OpenGL.GL.shaders: Found no alternate for: OpenGL.GL.ARB.shader_objects.GL_OBJECT_ATTACHED_OBJECTS_ARB
2026-07-08 12:50:57,538 DEBUG OpenGL.GL.shaders: Found no alternate for: OpenGL.GL.ARB.shader_objects.GL_OBJECT_DELETE_STATUS_ARB
2026-07-08 12:50:57,538 DEBUG OpenGL.GL.shaders: Found no alternate for: OpenGL.GL.ARB.shader_objects.GL_OBJECT_INFO_LOG_LENGTH_ARB
2026-07-08 12:50:57,539 DEBUG OpenGL.GL.shaders: Found no alternate for: OpenGL.GL.ARB.shader_objects.GL_OBJECT_SHADER_SOURCE_LENGTH_ARB
2026-07-08 12:50:57,540 DEBUG OpenGL.GL.shaders: Found no alternate for: OpenGL.GL.ARB.shader_objects.GL_OBJECT_SUBTYPE_ARB
2026-07-08 12:50:57,541 DEBUG OpenGL.GL.shaders: Found no alternate for: OpenGL.GL.ARB.shader_objects.GL_OBJECT_VALIDATE_STATUS_ARB
2026-07-08 12:50:57,543 DEBUG OpenGL.GL.shaders: Found no alternate for: OpenGL.GL.ARB.shader_objects.GL_PROGRAM_OBJECT_ARB
2026-07-08 12:50:57,545 DEBUG OpenGL.GL.shaders: Found no alternate for: OpenGL.GL.ARB.shader_objects.GL_SHADER_OBJECT_ARB
2026-07-08 12:50:57,546 DEBUG OpenGL.GL.shaders: Found no alternate for: OpenGL.GL.ARB.shader_objects.GLhalfARB
2026-07-08 12:50:57,546 DEBUG OpenGL.GL.shaders: Found no alternate for: OpenGL.GL.ARB.shader_objects.glAttachObjectARB
2026-07-08 12:50:57,547 DEBUG OpenGL.GL.shaders: Found no alternate for: OpenGL.GL.ARB.shader_objects.glDeleteObjectARB
2026-07-08 12:50:57,548 DEBUG OpenGL.GL.shaders: Found no alternate for: OpenGL.GL.ARB.shader_objects.glDetachObjectARB
2026-07-08 12:50:57,549 DEBUG OpenGL.GL.shaders: Found no alternate for: OpenGL.GL.ARB.shader_objects.glGetAttachedObjectsARB
2026-07-08 12:50:57,549 DEBUG OpenGL.GL.shaders: Found no alternate for: OpenGL.GL.ARB.shader_objects.glGetHandleARB
2026-07-08 12:50:57,550 DEBUG OpenGL.GL.shaders: Found no alternate for: OpenGL.GL.ARB.shader_objects.glGetInfoLogARB
2026-07-08 12:50:57,551 DEBUG OpenGL.GL.shaders: Found no alternate for: OpenGL.GL.ARB.shader_objects.glGetObjectParameterfvARB
2026-07-08 12:50:57,551 DEBUG OpenGL.GL.shaders: Found no alternate for: OpenGL.GL.ARB.shader_objects.glGetObjectParameterivARB
2026-07-08 12:50:57,552 DEBUG OpenGL.GL.shaders: Found no alternate for: OpenGL.GL.ARB.shader_objects.glInitShaderObjectsARB
2026-07-08 12:50:57,554 DEBUG OpenGL.GL.shaders: Found no alternate for: OpenGL.GL.ARB.fragment_shader.GLhalfARB
2026-07-08 12:50:57,555 DEBUG OpenGL.GL.shaders: Found no alternate for: OpenGL.GL.ARB.fragment_shader.glInitFragmentShaderARB
2026-07-08 12:50:57,557 DEBUG OpenGL.GL.shaders: Found no alternate for: OpenGL.GL.ARB.vertex_shader.GL_OBJECT_ACTIVE_ATTRIBUTES_ARB
2026-07-08 12:50:57,563 DEBUG OpenGL.GL.shaders: Found no alternate for: OpenGL.GL.ARB.vertex_shader.GL_OBJECT_ACTIVE_ATTRIBUTE_MAX_LENGTH_ARB
2026-07-08 12:50:57,564 DEBUG OpenGL.GL.shaders: Found no alternate for: OpenGL.GL.ARB.vertex_shader.GLhalfARB
2026-07-08 12:50:57,565 DEBUG OpenGL.GL.shaders: Found no alternate for: OpenGL.GL.ARB.vertex_shader.glGetObjectParameterivARB
2026-07-08 12:50:57,566 DEBUG OpenGL.GL.shaders: Found no alternate for: OpenGL.GL.ARB.vertex_shader.glInitVertexShaderARB
2026-07-08 12:50:57,569 DEBUG OpenGL.GL.shaders: Found no alternate for: OpenGL.GL.ARB.vertex_program.GL_CURRENT_MATRIX_ARB
2026-07-08 12:50:57,569 DEBUG OpenGL.GL.shaders: Found no alternate for: OpenGL.GL.ARB.vertex_program.GL_CURRENT_MATRIX_STACK_DEPTH_ARB
2026-07-08 12:50:57,572 DEBUG OpenGL.GL.shaders: Found no alternate for: OpenGL.GL.ARB.vertex_program.GL_MATRIX0_ARB
2026-07-08 12:50:57,573 DEBUG OpenGL.GL.shaders: Found no alternate for: OpenGL.GL.ARB.vertex_program.GL_MATRIX10_ARB
2026-07-08 12:50:57,573 DEBUG OpenGL.GL.shaders: Found no alternate for: OpenGL.GL.ARB.vertex_program.GL_MATRIX11_ARB
2026-07-08 12:50:57,574 DEBUG OpenGL.GL.shaders: Found no alternate for: OpenGL.GL.ARB.vertex_program.GL_MATRIX12_ARB
2026-07-08 12:50:57,579 DEBUG OpenGL.GL.shaders: Found no alternate for: OpenGL.GL.ARB.vertex_program.GL_MATRIX13_ARB
2026-07-08 12:50:57,581 DEBUG OpenGL.GL.shaders: Found no alternate for: OpenGL.GL.ARB.vertex_program.GL_MATRIX14_ARB
2026-07-08 12:50:57,581 DEBUG OpenGL.GL.shaders: Found no alternate for: OpenGL.GL.ARB.vertex_program.GL_MATRIX15_ARB
2026-07-08 12:50:57,582 DEBUG OpenGL.GL.shaders: Found no alternate for: OpenGL.GL.ARB.vertex_program.GL_MATRIX16_ARB
2026-07-08 12:50:57,585 DEBUG OpenGL.GL.shaders: Found no alternate for: OpenGL.GL.ARB.vertex_program.GL_MATRIX17_ARB
2026-07-08 12:50:57,586 DEBUG OpenGL.GL.shaders: Found no alternate for: OpenGL.GL.ARB.vertex_program.GL_MATRIX18_ARB
2026-07-08 12:50:57,588 DEBUG OpenGL.GL.shaders: Found no alternate for: OpenGL.GL.ARB.vertex_program.GL_MATRIX19_ARB
2026-07-08 12:50:57,590 DEBUG OpenGL.GL.shaders: Found no alternate for: OpenGL.GL.ARB.vertex_program.GL_MATRIX1_ARB
2026-07-08 12:50:57,599 DEBUG OpenGL.GL.shaders: Found no alternate for: OpenGL.GL.ARB.vertex_program.GL_MATRIX20_ARB
2026-07-08 12:50:57,600 DEBUG OpenGL.GL.shaders: Found no alternate for: OpenGL.GL.ARB.vertex_program.GL_MATRIX21_ARB
2026-07-08 12:50:57,601 DEBUG OpenGL.GL.shaders: Found no alternate for: OpenGL.GL.ARB.vertex_program.GL_MATRIX22_ARB
2026-07-08 12:50:57,602 DEBUG OpenGL.GL.shaders: Found no alternate for: OpenGL.GL.ARB.vertex_program.GL_MATRIX23_ARB
2026-07-08 12:50:57,603 DEBUG OpenGL.GL.shaders: Found no alternate for: OpenGL.GL.ARB.vertex_program.GL_MATRIX24_ARB
2026-07-08 12:50:57,603 DEBUG OpenGL.GL.shaders: Found no alternate for: OpenGL.GL.ARB.vertex_program.GL_MATRIX25_ARB
2026-07-08 12:50:57,604 DEBUG OpenGL.GL.shaders: Found no alternate for: OpenGL.GL.ARB.vertex_program.GL_MATRIX26_ARB
2026-07-08 12:50:57,605 DEBUG OpenGL.GL.shaders: Found no alternate for: OpenGL.GL.ARB.vertex_program.GL_MATRIX27_ARB
2026-07-08 12:50:57,607 DEBUG OpenGL.GL.shaders: Found no alternate for: OpenGL.GL.ARB.vertex_program.GL_MATRIX28_ARB
2026-07-08 12:50:57,613 DEBUG OpenGL.GL.shaders: Found no alternate for: OpenGL.GL.ARB.vertex_program.GL_MATRIX29_ARB
2026-07-08 12:50:57,615 DEBUG OpenGL.GL.shaders: Found no alternate for: OpenGL.GL.ARB.vertex_program.GL_MATRIX2_ARB
2026-07-08 12:50:57,617 DEBUG OpenGL.GL.shaders: Found no alternate for: OpenGL.GL.ARB.vertex_program.GL_MATRIX30_ARB
2026-07-08 12:50:57,618 DEBUG OpenGL.GL.shaders: Found no alternate for: OpenGL.GL.ARB.vertex_program.GL_MATRIX31_ARB
2026-07-08 12:50:57,619 DEBUG OpenGL.GL.shaders: Found no alternate for: OpenGL.GL.ARB.vertex_program.GL_MATRIX3_ARB
2026-07-08 12:50:57,622 DEBUG OpenGL.GL.shaders: Found no alternate for: OpenGL.GL.ARB.vertex_program.GL_MATRIX4_ARB
2026-07-08 12:50:57,623 DEBUG OpenGL.GL.shaders: Found no alternate for: OpenGL.GL.ARB.vertex_program.GL_MATRIX5_ARB
2026-07-08 12:50:57,626 DEBUG OpenGL.GL.shaders: Found no alternate for: OpenGL.GL.ARB.vertex_program.GL_MATRIX6_ARB
2026-07-08 12:50:57,630 DEBUG OpenGL.GL.shaders: Found no alternate for: OpenGL.GL.ARB.vertex_program.GL_MATRIX7_ARB
2026-07-08 12:50:57,631 DEBUG OpenGL.GL.shaders: Found no alternate for: OpenGL.GL.ARB.vertex_program.GL_MATRIX8_ARB
2026-07-08 12:50:57,633 DEBUG OpenGL.GL.shaders: Found no alternate for: OpenGL.GL.ARB.vertex_program.GL_MATRIX9_ARB
2026-07-08 12:50:57,635 DEBUG OpenGL.GL.shaders: Found no alternate for: OpenGL.GL.ARB.vertex_program.GL_MAX_PROGRAM_ADDRESS_REGISTERS_ARB
2026-07-08 12:50:57,637 DEBUG OpenGL.GL.shaders: Found no alternate for: OpenGL.GL.ARB.vertex_program.GL_MAX_PROGRAM_ATTRIBS_ARB
2026-07-08 12:50:57,639 DEBUG OpenGL.GL.shaders: Found no alternate for: OpenGL.GL.ARB.vertex_program.GL_MAX_PROGRAM_ENV_PARAMETERS_ARB
2026-07-08 12:50:57,647 DEBUG OpenGL.GL.shaders: Found no alternate for: OpenGL.GL.ARB.vertex_program.GL_MAX_PROGRAM_INSTRUCTIONS_ARB
2026-07-08 12:50:57,648 DEBUG OpenGL.GL.shaders: Found no alternate for: OpenGL.GL.ARB.vertex_program.GL_MAX_PROGRAM_LOCAL_PARAMETERS_ARB
2026-07-08 12:50:57,651 DEBUG OpenGL.GL.shaders: Found no alternate for: OpenGL.GL.ARB.vertex_program.GL_MAX_PROGRAM_MATRICES_ARB
2026-07-08 12:50:57,654 DEBUG OpenGL.GL.shaders: Found no alternate for: OpenGL.GL.ARB.vertex_program.GL_MAX_PROGRAM_MATRIX_STACK_DEPTH_ARB
2026-07-08 12:50:57,662 DEBUG OpenGL.GL.shaders: Found no alternate for: OpenGL.GL.ARB.vertex_program.GL_MAX_PROGRAM_NATIVE_ADDRESS_REGISTERS_ARB
2026-07-08 12:50:57,669 DEBUG OpenGL.GL.shaders: Found no alternate for: OpenGL.GL.ARB.vertex_program.GL_MAX_PROGRAM_NATIVE_ATTRIBS_ARB
2026-07-08 12:50:57,670 DEBUG OpenGL.GL.shaders: Found no alternate for: OpenGL.GL.ARB.vertex_program.GL_MAX_PROGRAM_NATIVE_INSTRUCTIONS_ARB
2026-07-08 12:50:57,671 DEBUG OpenGL.GL.shaders: Found no alternate for: OpenGL.GL.ARB.vertex_program.GL_MAX_PROGRAM_NATIVE_PARAMETERS_ARB
2026-07-08 12:50:57,672 DEBUG OpenGL.GL.shaders: Found no alternate for: OpenGL.GL.ARB.vertex_program.GL_MAX_PROGRAM_NATIVE_TEMPORARIES_ARB
2026-07-08 12:50:57,672 DEBUG OpenGL.GL.shaders: Found no alternate for: OpenGL.GL.ARB.vertex_program.GL_MAX_PROGRAM_PARAMETERS_ARB
2026-07-08 12:50:57,673 DEBUG OpenGL.GL.shaders: Found no alternate for: OpenGL.GL.ARB.vertex_program.GL_MAX_PROGRAM_TEMPORARIES_ARB
2026-07-08 12:50:57,674 DEBUG OpenGL.GL.shaders: Found no alternate for: OpenGL.GL.ARB.vertex_program.GL_PROGRAM_ADDRESS_REGISTERS_ARB
2026-07-08 12:50:57,679 DEBUG OpenGL.GL.shaders: Found no alternate for: OpenGL.GL.ARB.vertex_program.GL_PROGRAM_ATTRIBS_ARB
2026-07-08 12:50:57,682 DEBUG OpenGL.GL.shaders: Found no alternate for: OpenGL.GL.ARB.vertex_program.GL_PROGRAM_BINDING_ARB
2026-07-08 12:50:57,683 DEBUG OpenGL.GL.shaders: Found no alternate for: OpenGL.GL.ARB.vertex_program.GL_PROGRAM_ERROR_POSITION_ARB
2026-07-08 12:50:57,685 DEBUG OpenGL.GL.shaders: Found no alternate for: OpenGL.GL.ARB.vertex_program.GL_PROGRAM_ERROR_STRING_ARB
2026-07-08 12:50:57,686 DEBUG OpenGL.GL.shaders: Found no alternate for: OpenGL.GL.ARB.vertex_program.GL_PROGRAM_FORMAT_ARB
2026-07-08 12:50:57,686 DEBUG OpenGL.GL.shaders: Found no alternate for: OpenGL.GL.ARB.vertex_program.GL_PROGRAM_FORMAT_ASCII_ARB
2026-07-08 12:50:57,687 DEBUG OpenGL.GL.shaders: Found no alternate for: OpenGL.GL.ARB.vertex_program.GL_PROGRAM_INSTRUCTIONS_ARB
2026-07-08 12:50:57,688 DEBUG OpenGL.GL.shaders: Found no alternate for: OpenGL.GL.ARB.vertex_program.GL_PROGRAM_LENGTH_ARB
2026-07-08 12:50:57,689 DEBUG OpenGL.GL.shaders: Found no alternate for: OpenGL.GL.ARB.vertex_program.GL_PROGRAM_NATIVE_ADDRESS_REGISTERS_ARB
2026-07-08 12:50:57,690 DEBUG OpenGL.GL.shaders: Found no alternate for: OpenGL.GL.ARB.vertex_program.GL_PROGRAM_NATIVE_ATTRIBS_ARB
2026-07-08 12:50:57,694 DEBUG OpenGL.GL.shaders: Found no alternate for: OpenGL.GL.ARB.vertex_program.GL_PROGRAM_NATIVE_INSTRUCTIONS_ARB
2026-07-08 12:50:57,697 DEBUG OpenGL.GL.shaders: Found no alternate for: OpenGL.GL.ARB.vertex_program.GL_PROGRAM_NATIVE_PARAMETERS_ARB
2026-07-08 12:50:57,697 DEBUG OpenGL.GL.shaders: Found no alternate for: OpenGL.GL.ARB.vertex_program.GL_PROGRAM_NATIVE_TEMPORARIES_ARB
2026-07-08 12:50:57,698 DEBUG OpenGL.GL.shaders: Found no alternate for: OpenGL.GL.ARB.vertex_program.GL_PROGRAM_PARAMETERS_ARB
2026-07-08 12:50:57,699 DEBUG OpenGL.GL.shaders: Found no alternate for: OpenGL.GL.ARB.vertex_program.GL_PROGRAM_STRING_ARB
2026-07-08 12:50:57,700 DEBUG OpenGL.GL.shaders: Found no alternate for: OpenGL.GL.ARB.vertex_program.GL_PROGRAM_TEMPORARIES_ARB
2026-07-08 12:50:57,701 DEBUG OpenGL.GL.shaders: Found no alternate for: OpenGL.GL.ARB.vertex_program.GL_PROGRAM_UNDER_NATIVE_LIMITS_ARB
2026-07-08 12:50:57,702 DEBUG OpenGL.GL.shaders: Found no alternate for: OpenGL.GL.ARB.vertex_program.GL_TRANSPOSE_CURRENT_MATRIX_ARB
2026-07-08 12:50:57,703 DEBUG OpenGL.GL.shaders: Found no alternate for: OpenGL.GL.ARB.vertex_program.GL_VERTEX_PROGRAM_ARB
2026-07-08 12:50:57,704 DEBUG OpenGL.GL.shaders: Found no alternate for: OpenGL.GL.ARB.vertex_program.GLhalfARB
2026-07-08 12:50:57,704 DEBUG OpenGL.GL.shaders: Found no alternate for: OpenGL.GL.ARB.vertex_program.glBindProgramARB
2026-07-08 12:50:57,705 DEBUG OpenGL.GL.shaders: Found no alternate for: OpenGL.GL.ARB.vertex_program.glDeleteProgramsARB
2026-07-08 12:50:57,706 DEBUG OpenGL.GL.shaders: Found no alternate for: OpenGL.GL.ARB.vertex_program.glGenProgramsARB
2026-07-08 12:50:57,707 DEBUG OpenGL.GL.shaders: Found no alternate for: OpenGL.GL.ARB.vertex_program.glGetProgramEnvParameterdvARB
2026-07-08 12:50:57,709 DEBUG OpenGL.GL.shaders: Found no alternate for: OpenGL.GL.ARB.vertex_program.glGetProgramEnvParameterfvARB
2026-07-08 12:50:57,711 DEBUG OpenGL.GL.shaders: Found no alternate for: OpenGL.GL.ARB.vertex_program.glGetProgramLocalParameterdvARB
2026-07-08 12:50:57,713 DEBUG OpenGL.GL.shaders: Found no alternate for: OpenGL.GL.ARB.vertex_program.glGetProgramLocalParameterfvARB
2026-07-08 12:50:57,713 DEBUG OpenGL.GL.shaders: Found no alternate for: OpenGL.GL.ARB.vertex_program.glGetProgramStringARB
2026-07-08 12:50:57,714 DEBUG OpenGL.GL.shaders: Found no alternate for: OpenGL.GL.ARB.vertex_program.glGetProgramivARB
2026-07-08 12:50:57,715 DEBUG OpenGL.GL.shaders: Found no alternate for: OpenGL.GL.ARB.vertex_program.glInitVertexProgramARB
2026-07-08 12:50:57,716 DEBUG OpenGL.GL.shaders: Found no alternate for: OpenGL.GL.ARB.vertex_program.glProgramEnvParameter4dARB
2026-07-08 12:50:57,717 DEBUG OpenGL.GL.shaders: Found no alternate for: OpenGL.GL.ARB.vertex_program.glProgramEnvParameter4dvARB
2026-07-08 12:50:57,719 DEBUG OpenGL.GL.shaders: Found no alternate for: OpenGL.GL.ARB.vertex_program.glProgramEnvParameter4fARB
2026-07-08 12:50:57,720 DEBUG OpenGL.GL.shaders: Found no alternate for: OpenGL.GL.ARB.vertex_program.glProgramEnvParameter4fvARB
2026-07-08 12:50:57,721 DEBUG OpenGL.GL.shaders: Found no alternate for: OpenGL.GL.ARB.vertex_program.glProgramLocalParameter4dARB
2026-07-08 12:50:57,722 DEBUG OpenGL.GL.shaders: Found no alternate for: OpenGL.GL.ARB.vertex_program.glProgramLocalParameter4dvARB
2026-07-08 12:50:57,723 DEBUG OpenGL.GL.shaders: Found no alternate for: OpenGL.GL.ARB.vertex_program.glProgramLocalParameter4fARB
2026-07-08 12:50:57,724 DEBUG OpenGL.GL.shaders: Found no alternate for: OpenGL.GL.ARB.vertex_program.glProgramLocalParameter4fvARB
2026-07-08 12:50:57,728 DEBUG OpenGL.GL.shaders: Found no alternate for: OpenGL.GL.ARB.vertex_program.glProgramStringARB
2026-07-08 12:50:57,733 DEBUG OpenGL.GL.shaders: Found no alternate for: OpenGL.GL.ARB.geometry_shader4.GL_FRAMEBUFFER_INCOMPLETE_LAYER_COUNT_ARB
2026-07-08 12:50:57,734 DEBUG OpenGL.GL.shaders: Found no alternate for: OpenGL.GL.ARB.geometry_shader4.GL_MAX_GEOMETRY_VARYING_COMPONENTS_ARB
2026-07-08 12:50:57,734 DEBUG OpenGL.GL.shaders: Found no alternate for: OpenGL.GL.ARB.geometry_shader4.GL_MAX_VERTEX_VARYING_COMPONENTS_ARB
2026-07-08 12:50:57,736 DEBUG OpenGL.GL.shaders: Found no alternate for: OpenGL.GL.ARB.geometry_shader4.GLhalfARB
2026-07-08 12:50:57,737 DEBUG OpenGL.GL.shaders: Found no alternate for: OpenGL.GL.ARB.geometry_shader4.glFramebufferTextureFaceARB
2026-07-08 12:50:57,738 DEBUG OpenGL.GL.shaders: Found no alternate for: OpenGL.GL.ARB.geometry_shader4.glInitGeometryShader4ARB
2026-07-08 12:53:40,612 INFO __main__: Starting application
2026-07-08 12:53:48,031 DEBUG matplotlib: matplotlib data path: C:\Users\gkaki\Desktop\Lidar avec interface\Lidar avec interface\venv\Lib\site-packages\matplotlib\mpl-data
2026-07-08 12:53:48,046 DEBUG matplotlib: CONFIGDIR=C:\Users\gkaki\.matplotlib
2026-07-08 12:53:48,050 DEBUG matplotlib: interactive is False
2026-07-08 12:53:48,051 DEBUG matplotlib: platform is win32
2026-07-08 12:53:48,257 DEBUG matplotlib: CACHEDIR=C:\Users\gkaki\.matplotlib
2026-07-08 12:53:48,262 DEBUG matplotlib.font_manager: Using fontManager instance from C:\Users\gkaki\.matplotlib\fontlist-v3.11.0.json
2026-07-08 12:53:49,807 INFO OpenGL.acceleratesupport: No OpenGL_accelerate module loaded: No module named 'OpenGL_accelerate'
2026-07-08 12:53:50,556 DEBUG OpenGL.GL.shaders: Found no alternate for: OpenGL.GL.ARB.shader_objects.GL_OBJECT_ATTACHED_OBJECTS_ARB
2026-07-08 12:53:50,556 DEBUG OpenGL.GL.shaders: Found no alternate for: OpenGL.GL.ARB.shader_objects.GL_OBJECT_DELETE_STATUS_ARB
2026-07-08 12:53:50,557 DEBUG OpenGL.GL.shaders: Found no alternate for: OpenGL.GL.ARB.shader_objects.GL_OBJECT_INFO_LOG_LENGTH_ARB
2026-07-08 12:53:50,558 DEBUG OpenGL.GL.shaders: Found no alternate for: OpenGL.GL.ARB.shader_objects.GL_OBJECT_SHADER_SOURCE_LENGTH_ARB
2026-07-08 12:53:50,558 DEBUG OpenGL.GL.shaders: Found no alternate for: OpenGL.GL.ARB.shader_objects.GL_OBJECT_SUBTYPE_ARB
2026-07-08 12:53:50,559 DEBUG OpenGL.GL.shaders: Found no alternate for: OpenGL.GL.ARB.shader_objects.GL_OBJECT_VALIDATE_STATUS_ARB
2026-07-08 12:53:50,559 DEBUG OpenGL.GL.shaders: Found no alternate for: OpenGL.GL.ARB.shader_objects.GL_PROGRAM_OBJECT_ARB
2026-07-08 12:53:50,560 DEBUG OpenGL.GL.shaders: Found no alternate for: OpenGL.GL.ARB.shader_objects.GL_SHADER_OBJECT_ARB
2026-07-08 12:53:50,560 DEBUG OpenGL.GL.shaders: Found no alternate for: OpenGL.GL.ARB.shader_objects.GLhalfARB
2026-07-08 12:53:50,561 DEBUG OpenGL.GL.shaders: Found no alternate for: OpenGL.GL.ARB.shader_objects.glAttachObjectARB
2026-07-08 12:53:50,562 DEBUG OpenGL.GL.shaders: Found no alternate for: OpenGL.GL.ARB.shader_objects.glDeleteObjectARB
2026-07-08 12:53:50,563 DEBUG OpenGL.GL.shaders: Found no alternate for: OpenGL.GL.ARB.shader_objects.glDetachObjectARB
2026-07-08 12:53:50,564 DEBUG OpenGL.GL.shaders: Found no alternate for: OpenGL.GL.ARB.shader_objects.glGetAttachedObjectsARB
2026-07-08 12:53:50,564 DEBUG OpenGL.GL.shaders: Found no alternate for: OpenGL.GL.ARB.shader_objects.glGetHandleARB
2026-07-08 12:53:50,566 DEBUG OpenGL.GL.shaders: Found no alternate for: OpenGL.GL.ARB.shader_objects.glGetInfoLogARB
2026-07-08 12:53:50,568 DEBUG OpenGL.GL.shaders: Found no alternate for: OpenGL.GL.ARB.shader_objects.glGetObjectParameterfvARB
2026-07-08 12:53:50,569 DEBUG OpenGL.GL.shaders: Found no alternate for: OpenGL.GL.ARB.shader_objects.glGetObjectParameterivARB
2026-07-08 12:53:50,570 DEBUG OpenGL.GL.shaders: Found no alternate for: OpenGL.GL.ARB.shader_objects.glInitShaderObjectsARB
2026-07-08 12:53:50,572 DEBUG OpenGL.GL.shaders: Found no alternate for: OpenGL.GL.ARB.fragment_shader.GLhalfARB
2026-07-08 12:53:50,573 DEBUG OpenGL.GL.shaders: Found no alternate for: OpenGL.GL.ARB.fragment_shader.glInitFragmentShaderARB
2026-07-08 12:53:50,573 DEBUG OpenGL.GL.shaders: Found no alternate for: OpenGL.GL.ARB.vertex_shader.GL_OBJECT_ACTIVE_ATTRIBUTES_ARB
2026-07-08 12:53:50,574 DEBUG OpenGL.GL.shaders: Found no alternate for: OpenGL.GL.ARB.vertex_shader.GL_OBJECT_ACTIVE_ATTRIBUTE_MAX_LENGTH_ARB
2026-07-08 12:53:50,575 DEBUG OpenGL.GL.shaders: Found no alternate for: OpenGL.GL.ARB.vertex_shader.GLhalfARB
2026-07-08 12:53:50,577 DEBUG OpenGL.GL.shaders: Found no alternate for: OpenGL.GL.ARB.vertex_shader.glGetObjectParameterivARB
2026-07-08 12:53:50,580 DEBUG OpenGL.GL.shaders: Found no alternate for: OpenGL.GL.ARB.vertex_shader.glInitVertexShaderARB
2026-07-08 12:53:50,585 DEBUG OpenGL.GL.shaders: Found no alternate for: OpenGL.GL.ARB.vertex_program.GL_CURRENT_MATRIX_ARB
2026-07-08 12:53:50,586 DEBUG OpenGL.GL.shaders: Found no alternate for: OpenGL.GL.ARB.vertex_program.GL_CURRENT_MATRIX_STACK_DEPTH_ARB
2026-07-08 12:53:50,587 DEBUG OpenGL.GL.shaders: Found no alternate for: OpenGL.GL.ARB.vertex_program.GL_MATRIX0_ARB
2026-07-08 12:53:50,589 DEBUG OpenGL.GL.shaders: Found no alternate for: OpenGL.GL.ARB.vertex_program.GL_MATRIX10_ARB
2026-07-08 12:53:50,590 DEBUG OpenGL.GL.shaders: Found no alternate for: OpenGL.GL.ARB.vertex_program.GL_MATRIX11_ARB
2026-07-08 12:53:50,593 DEBUG OpenGL.GL.shaders: Found no alternate for: OpenGL.GL.ARB.vertex_program.GL_MATRIX12_ARB
2026-07-08 12:53:50,594 DEBUG OpenGL.GL.shaders: Found no alternate for: OpenGL.GL.ARB.vertex_program.GL_MATRIX13_ARB
2026-07-08 12:53:50,595 DEBUG OpenGL.GL.shaders: Found no alternate for: OpenGL.GL.ARB.vertex_program.GL_MATRIX14_ARB
2026-07-08 12:53:50,595 DEBUG OpenGL.GL.shaders: Found no alternate for: OpenGL.GL.ARB.vertex_program.GL_MATRIX15_ARB
2026-07-08 12:53:50,596 DEBUG OpenGL.GL.shaders: Found no alternate for: OpenGL.GL.ARB.vertex_program.GL_MATRIX16_ARB
2026-07-08 12:53:50,596 DEBUG OpenGL.GL.shaders: Found no alternate for: OpenGL.GL.ARB.vertex_program.GL_MATRIX17_ARB
2026-07-08 12:53:50,597 DEBUG OpenGL.GL.shaders: Found no alternate for: OpenGL.GL.ARB.vertex_program.GL_MATRIX18_ARB
2026-07-08 12:53:50,597 DEBUG OpenGL.GL.shaders: Found no alternate for: OpenGL.GL.ARB.vertex_program.GL_MATRIX19_ARB
2026-07-08 12:53:50,598 DEBUG OpenGL.GL.shaders: Found no alternate for: OpenGL.GL.ARB.vertex_program.GL_MATRIX1_ARB
2026-07-08 12:53:50,598 DEBUG OpenGL.GL.shaders: Found no alternate for: OpenGL.GL.ARB.vertex_program.GL_MATRIX20_ARB
2026-07-08 12:53:50,599 DEBUG OpenGL.GL.shaders: Found no alternate for: OpenGL.GL.ARB.vertex_program.GL_MATRIX21_ARB
2026-07-08 12:53:50,601 DEBUG OpenGL.GL.shaders: Found no alternate for: OpenGL.GL.ARB.vertex_program.GL_MATRIX22_ARB
2026-07-08 12:53:50,602 DEBUG OpenGL.GL.shaders: Found no alternate for: OpenGL.GL.ARB.vertex_program.GL_MATRIX23_ARB
2026-07-08 12:53:50,602 DEBUG OpenGL.GL.shaders: Found no alternate for: OpenGL.GL.ARB.vertex_program.GL_MATRIX24_ARB
2026-07-08 12:53:50,603 DEBUG OpenGL.GL.shaders: Found no alternate for: OpenGL.GL.ARB.vertex_program.GL_MATRIX25_ARB
2026-07-08 12:53:50,603 DEBUG OpenGL.GL.shaders: Found no alternate for: OpenGL.GL.ARB.vertex_program.GL_MATRIX26_ARB
2026-07-08 12:53:50,604 DEBUG OpenGL.GL.shaders: Found no alternate for: OpenGL.GL.ARB.vertex_program.GL_MATRIX27_ARB
2026-07-08 12:53:50,605 DEBUG OpenGL.GL.shaders: Found no alternate for: OpenGL.GL.ARB.vertex_program.GL_MATRIX28_ARB
2026-07-08 12:53:50,606 DEBUG OpenGL.GL.shaders: Found no alternate for: OpenGL.GL.ARB.vertex_program.GL_MATRIX29_ARB
2026-07-08 12:53:50,606 DEBUG OpenGL.GL.shaders: Found no alternate for: OpenGL.GL.ARB.vertex_program.GL_MATRIX2_ARB
2026-07-08 12:53:50,607 DEBUG OpenGL.GL.shaders: Found no alternate for: OpenGL.GL.ARB.vertex_program.GL_MATRIX30_ARB
2026-07-08 12:53:50,607 DEBUG OpenGL.GL.shaders: Found no alternate for: OpenGL.GL.ARB.vertex_program.GL_MATRIX31_ARB
2026-07-08 12:53:50,608 DEBUG OpenGL.GL.shaders: Found no alternate for: OpenGL.GL.ARB.vertex_program.GL_MATRIX3_ARB
2026-07-08 12:53:50,608 DEBUG OpenGL.GL.shaders: Found no alternate for: OpenGL.GL.ARB.vertex_program.GL_MATRIX4_ARB
2026-07-08 12:53:50,626 DEBUG OpenGL.GL.shaders: Found no alternate for: OpenGL.GL.ARB.vertex_program.GL_MATRIX5_ARB
2026-07-08 12:53:50,626 DEBUG OpenGL.GL.shaders: Found no alternate for: OpenGL.GL.ARB.vertex_program.GL_MATRIX6_ARB
2026-07-08 12:53:50,627 DEBUG OpenGL.GL.shaders: Found no alternate for: OpenGL.GL.ARB.vertex_program.GL_MATRIX7_ARB
2026-07-08 12:53:50,628 DEBUG OpenGL.GL.shaders: Found no alternate for: OpenGL.GL.ARB.vertex_program.GL_MATRIX8_ARB
2026-07-08 12:53:50,630 DEBUG OpenGL.GL.shaders: Found no alternate for: OpenGL.GL.ARB.vertex_program.GL_MATRIX9_ARB
2026-07-08 12:53:50,631 DEBUG OpenGL.GL.shaders: Found no alternate for: OpenGL.GL.ARB.vertex_program.GL_MAX_PROGRAM_ADDRESS_REGISTERS_ARB
2026-07-08 12:53:50,632 DEBUG OpenGL.GL.shaders: Found no alternate for: OpenGL.GL.ARB.vertex_program.GL_MAX_PROGRAM_ATTRIBS_ARB
2026-07-08 12:53:50,632 DEBUG OpenGL.GL.shaders: Found no alternate for: OpenGL.GL.ARB.vertex_program.GL_MAX_PROGRAM_ENV_PARAMETERS_ARB
2026-07-08 12:53:50,636 DEBUG OpenGL.GL.shaders: Found no alternate for: OpenGL.GL.ARB.vertex_program.GL_MAX_PROGRAM_INSTRUCTIONS_ARB
2026-07-08 12:53:50,640 DEBUG OpenGL.GL.shaders: Found no alternate for: OpenGL.GL.ARB.vertex_program.GL_MAX_PROGRAM_LOCAL_PARAMETERS_ARB
2026-07-08 12:53:50,640 DEBUG OpenGL.GL.shaders: Found no alternate for: OpenGL.GL.ARB.vertex_program.GL_MAX_PROGRAM_MATRICES_ARB
2026-07-08 12:53:50,642 DEBUG OpenGL.GL.shaders: Found no alternate for: OpenGL.GL.ARB.vertex_program.GL_MAX_PROGRAM_MATRIX_STACK_DEPTH_ARB
2026-07-08 12:53:50,645 DEBUG OpenGL.GL.shaders: Found no alternate for: OpenGL.GL.ARB.vertex_program.GL_MAX_PROGRAM_NATIVE_ADDRESS_REGISTERS_ARB
2026-07-08 12:53:50,646 DEBUG OpenGL.GL.shaders: Found no alternate for: OpenGL.GL.ARB.vertex_program.GL_MAX_PROGRAM_NATIVE_ATTRIBS_ARB
2026-07-08 12:53:50,647 DEBUG OpenGL.GL.shaders: Found no alternate for: OpenGL.GL.ARB.vertex_program.GL_MAX_PROGRAM_NATIVE_INSTRUCTIONS_ARB
2026-07-08 12:53:50,648 DEBUG OpenGL.GL.shaders: Found no alternate for: OpenGL.GL.ARB.vertex_program.GL_MAX_PROGRAM_NATIVE_PARAMETERS_ARB
2026-07-08 12:53:50,651 DEBUG OpenGL.GL.shaders: Found no alternate for: OpenGL.GL.ARB.vertex_program.GL_MAX_PROGRAM_NATIVE_TEMPORARIES_ARB
2026-07-08 12:53:50,652 DEBUG OpenGL.GL.shaders: Found no alternate for: OpenGL.GL.ARB.vertex_program.GL_MAX_PROGRAM_PARAMETERS_ARB
2026-07-08 12:53:50,653 DEBUG OpenGL.GL.shaders: Found no alternate for: OpenGL.GL.ARB.vertex_program.GL_MAX_PROGRAM_TEMPORARIES_ARB
2026-07-08 12:53:50,659 DEBUG OpenGL.GL.shaders: Found no alternate for: OpenGL.GL.ARB.vertex_program.GL_PROGRAM_ADDRESS_REGISTERS_ARB
2026-07-08 12:53:50,660 DEBUG OpenGL.GL.shaders: Found no alternate for: OpenGL.GL.ARB.vertex_program.GL_PROGRAM_ATTRIBS_ARB
2026-07-08 12:53:50,660 DEBUG OpenGL.GL.shaders: Found no alternate for: OpenGL.GL.ARB.vertex_program.GL_PROGRAM_BINDING_ARB
2026-07-08 12:53:50,661 DEBUG OpenGL.GL.shaders: Found no alternate for: OpenGL.GL.ARB.vertex_program.GL_PROGRAM_ERROR_POSITION_ARB
2026-07-08 12:53:50,661 DEBUG OpenGL.GL.shaders: Found no alternate for: OpenGL.GL.ARB.vertex_program.GL_PROGRAM_ERROR_STRING_ARB
2026-07-08 12:53:50,662 DEBUG OpenGL.GL.shaders: Found no alternate for: OpenGL.GL.ARB.vertex_program.GL_PROGRAM_FORMAT_ARB
2026-07-08 12:53:50,662 DEBUG OpenGL.GL.shaders: Found no alternate for: OpenGL.GL.ARB.vertex_program.GL_PROGRAM_FORMAT_ASCII_ARB
2026-07-08 12:53:50,664 DEBUG OpenGL.GL.shaders: Found no alternate for: OpenGL.GL.ARB.vertex_program.GL_PROGRAM_INSTRUCTIONS_ARB
2026-07-08 12:53:50,665 DEBUG OpenGL.GL.shaders: Found no alternate for: OpenGL.GL.ARB.vertex_program.GL_PROGRAM_LENGTH_ARB
2026-07-08 12:53:50,668 DEBUG OpenGL.GL.shaders: Found no alternate for: OpenGL.GL.ARB.vertex_program.GL_PROGRAM_NATIVE_ADDRESS_REGISTERS_ARB
2026-07-08 12:53:50,673 DEBUG OpenGL.GL.shaders: Found no alternate for: OpenGL.GL.ARB.vertex_program.GL_PROGRAM_NATIVE_ATTRIBS_ARB
2026-07-08 12:53:50,674 DEBUG OpenGL.GL.shaders: Found no alternate for: OpenGL.GL.ARB.vertex_program.GL_PROGRAM_NATIVE_INSTRUCTIONS_ARB
2026-07-08 12:53:50,676 DEBUG OpenGL.GL.shaders: Found no alternate for: OpenGL.GL.ARB.vertex_program.GL_PROGRAM_NATIVE_PARAMETERS_ARB
2026-07-08 12:53:50,677 DEBUG OpenGL.GL.shaders: Found no alternate for: OpenGL.GL.ARB.vertex_program.GL_PROGRAM_NATIVE_TEMPORARIES_ARB
2026-07-08 12:53:50,677 DEBUG OpenGL.GL.shaders: Found no alternate for: OpenGL.GL.ARB.vertex_program.GL_PROGRAM_PARAMETERS_ARB
2026-07-08 12:53:50,679 DEBUG OpenGL.GL.shaders: Found no alternate for: OpenGL.GL.ARB.vertex_program.GL_PROGRAM_STRING_ARB
2026-07-08 12:53:50,680 DEBUG OpenGL.GL.shaders: Found no alternate for: OpenGL.GL.ARB.vertex_program.GL_PROGRAM_TEMPORARIES_ARB
2026-07-08 12:53:50,682 DEBUG OpenGL.GL.shaders: Found no alternate for: OpenGL.GL.ARB.vertex_program.GL_PROGRAM_UNDER_NATIVE_LIMITS_ARB
2026-07-08 12:53:50,684 DEBUG OpenGL.GL.shaders: Found no alternate for: OpenGL.GL.ARB.vertex_program.GL_TRANSPOSE_CURRENT_MATRIX_ARB
2026-07-08 12:53:50,685 DEBUG OpenGL.GL.shaders: Found no alternate for: OpenGL.GL.ARB.vertex_program.GL_VERTEX_PROGRAM_ARB
2026-07-08 12:53:50,690 DEBUG OpenGL.GL.shaders: Found no alternate for: OpenGL.GL.ARB.vertex_program.GLhalfARB
2026-07-08 12:53:50,693 DEBUG OpenGL.GL.shaders: Found no alternate for: OpenGL.GL.ARB.vertex_program.glBindProgramARB
2026-07-08 12:53:50,693 DEBUG OpenGL.GL.shaders: Found no alternate for: OpenGL.GL.ARB.vertex_program.glDeleteProgramsARB
2026-07-08 12:53:50,694 DEBUG OpenGL.GL.shaders: Found no alternate for: OpenGL.GL.ARB.vertex_program.glGenProgramsARB
2026-07-08 12:53:50,695 DEBUG OpenGL.GL.shaders: Found no alternate for: OpenGL.GL.ARB.vertex_program.glGetProgramEnvParameterdvARB
2026-07-08 12:53:50,695 DEBUG OpenGL.GL.shaders: Found no alternate for: OpenGL.GL.ARB.vertex_program.glGetProgramEnvParameterfvARB
2026-07-08 12:53:50,698 DEBUG OpenGL.GL.shaders: Found no alternate for: OpenGL.GL.ARB.vertex_program.glGetProgramLocalParameterdvARB
2026-07-08 12:53:50,699 DEBUG OpenGL.GL.shaders: Found no alternate for: OpenGL.GL.ARB.vertex_program.glGetProgramLocalParameterfvARB
2026-07-08 12:53:50,702 DEBUG OpenGL.GL.shaders: Found no alternate for: OpenGL.GL.ARB.vertex_program.glGetProgramStringARB
2026-07-08 12:53:50,706 DEBUG OpenGL.GL.shaders: Found no alternate for: OpenGL.GL.ARB.vertex_program.glGetProgramivARB
2026-07-08 12:53:50,708 DEBUG OpenGL.GL.shaders: Found no alternate for: OpenGL.GL.ARB.vertex_program.glInitVertexProgramARB
2026-07-08 12:53:50,709 DEBUG OpenGL.GL.shaders: Found no alternate for: OpenGL.GL.ARB.vertex_program.glProgramEnvParameter4dARB
2026-07-08 12:53:50,709 DEBUG OpenGL.GL.shaders: Found no alternate for: OpenGL.GL.ARB.vertex_program.glProgramEnvParameter4dvARB
2026-07-08 12:53:50,710 DEBUG OpenGL.GL.shaders: Found no alternate for: OpenGL.GL.ARB.vertex_program.glProgramEnvParameter4fARB
2026-07-08 12:53:50,710 DEBUG OpenGL.GL.shaders: Found no alternate for: OpenGL.GL.ARB.vertex_program.glProgramEnvParameter4fvARB
2026-07-08 12:53:50,711 DEBUG OpenGL.GL.shaders: Found no alternate for: OpenGL.GL.ARB.vertex_program.glProgramLocalParameter4dARB
2026-07-08 12:53:50,711 DEBUG OpenGL.GL.shaders: Found no alternate for: OpenGL.GL.ARB.vertex_program.glProgramLocalParameter4dvARB
2026-07-08 12:53:50,711 DEBUG OpenGL.GL.shaders: Found no alternate for: OpenGL.GL.ARB.vertex_program.glProgramLocalParameter4fARB
2026-07-08 12:53:50,712 DEBUG OpenGL.GL.shaders: Found no alternate for: OpenGL.GL.ARB.vertex_program.glProgramLocalParameter4fvARB
2026-07-08 12:53:50,713 DEBUG OpenGL.GL.shaders: Found no alternate for: OpenGL.GL.ARB.vertex_program.glProgramStringARB
2026-07-08 12:53:50,716 DEBUG OpenGL.GL.shaders: Found no alternate for: OpenGL.GL.ARB.geometry_shader4.GL_FRAMEBUFFER_INCOMPLETE_LAYER_COUNT_ARB
2026-07-08 12:53:50,718 DEBUG OpenGL.GL.shaders: Found no alternate for: OpenGL.GL.ARB.geometry_shader4.GL_MAX_GEOMETRY_VARYING_COMPONENTS_ARB
2026-07-08 12:53:50,719 DEBUG OpenGL.GL.shaders: Found no alternate for: OpenGL.GL.ARB.geometry_shader4.GL_MAX_VERTEX_VARYING_COMPONENTS_ARB
2026-07-08 12:53:50,721 DEBUG OpenGL.GL.shaders: Found no alternate for: OpenGL.GL.ARB.geometry_shader4.GLhalfARB
2026-07-08 12:53:50,724 DEBUG OpenGL.GL.shaders: Found no alternate for: OpenGL.GL.ARB.geometry_shader4.glFramebufferTextureFaceARB
2026-07-08 12:53:50,725 DEBUG OpenGL.GL.shaders: Found no alternate for: OpenGL.GL.ARB.geometry_shader4.glInitGeometryShader4ARB
2026-07-08 12:55:10,875 INFO __main__: Starting application
2026-07-08 12:55:18,946 DEBUG matplotlib: matplotlib data path: C:\Users\gkaki\Desktop\Lidar avec interface\Lidar avec interface\venv\Lib\site-packages\matplotlib\mpl-data
2026-07-08 12:55:18,970 DEBUG matplotlib: CONFIGDIR=C:\Users\gkaki\.matplotlib
2026-07-08 12:55:18,977 DEBUG matplotlib: interactive is False
2026-07-08 12:55:18,978 DEBUG matplotlib: platform is win32
2026-07-08 12:55:19,282 DEBUG matplotlib: CACHEDIR=C:\Users\gkaki\.matplotlib
2026-07-08 12:55:19,294 DEBUG matplotlib.font_manager: Using fontManager instance from C:\Users\gkaki\.matplotlib\fontlist-v3.11.0.json
2026-07-08 12:55:21,688 INFO OpenGL.acceleratesupport: No OpenGL_accelerate module loaded: No module named 'OpenGL_accelerate'
2026-07-08 12:55:22,472 DEBUG OpenGL.GL.shaders: Found no alternate for: OpenGL.GL.ARB.shader_objects.GL_OBJECT_ATTACHED_OBJECTS_ARB
2026-07-08 12:55:22,473 DEBUG OpenGL.GL.shaders: Found no alternate for: OpenGL.GL.ARB.shader_objects.GL_OBJECT_DELETE_STATUS_ARB
2026-07-08 12:55:22,474 DEBUG OpenGL.GL.shaders: Found no alternate for: OpenGL.GL.ARB.shader_objects.GL_OBJECT_INFO_LOG_LENGTH_ARB
2026-07-08 12:55:22,474 DEBUG OpenGL.GL.shaders: Found no alternate for: OpenGL.GL.ARB.shader_objects.GL_OBJECT_SHADER_SOURCE_LENGTH_ARB
2026-07-08 12:55:22,475 DEBUG OpenGL.GL.shaders: Found no alternate for: OpenGL.GL.ARB.shader_objects.GL_OBJECT_SUBTYPE_ARB
2026-07-08 12:55:22,476 DEBUG OpenGL.GL.shaders: Found no alternate for: OpenGL.GL.ARB.shader_objects.GL_OBJECT_VALIDATE_STATUS_ARB
2026-07-08 12:55:22,477 DEBUG OpenGL.GL.shaders: Found no alternate for: OpenGL.GL.ARB.shader_objects.GL_PROGRAM_OBJECT_ARB
2026-07-08 12:55:22,478 DEBUG OpenGL.GL.shaders: Found no alternate for: OpenGL.GL.ARB.shader_objects.GL_SHADER_OBJECT_ARB
2026-07-08 12:55:22,483 DEBUG OpenGL.GL.shaders: Found no alternate for: OpenGL.GL.ARB.shader_objects.GLhalfARB
2026-07-08 12:55:22,492 DEBUG OpenGL.GL.shaders: Found no alternate for: OpenGL.GL.ARB.shader_objects.glAttachObjectARB
2026-07-08 12:55:22,493 DEBUG OpenGL.GL.shaders: Found no alternate for: OpenGL.GL.ARB.shader_objects.glDeleteObjectARB
2026-07-08 12:55:22,495 DEBUG OpenGL.GL.shaders: Found no alternate for: OpenGL.GL.ARB.shader_objects.glDetachObjectARB
2026-07-08 12:55:22,497 DEBUG OpenGL.GL.shaders: Found no alternate for: OpenGL.GL.ARB.shader_objects.glGetAttachedObjectsARB
2026-07-08 12:55:22,498 DEBUG OpenGL.GL.shaders: Found no alternate for: OpenGL.GL.ARB.shader_objects.glGetHandleARB
2026-07-08 12:55:22,499 DEBUG OpenGL.GL.shaders: Found no alternate for: OpenGL.GL.ARB.shader_objects.glGetInfoLogARB
2026-07-08 12:55:22,500 DEBUG OpenGL.GL.shaders: Found no alternate for: OpenGL.GL.ARB.shader_objects.glGetObjectParameterfvARB
2026-07-08 12:55:22,514 DEBUG OpenGL.GL.shaders: Found no alternate for: OpenGL.GL.ARB.shader_objects.glGetObjectParameterivARB
2026-07-08 12:55:22,516 DEBUG OpenGL.GL.shaders: Found no alternate for: OpenGL.GL.ARB.shader_objects.glInitShaderObjectsARB
2026-07-08 12:55:22,523 DEBUG OpenGL.GL.shaders: Found no alternate for: OpenGL.GL.ARB.fragment_shader.GLhalfARB
2026-07-08 12:55:22,527 DEBUG OpenGL.GL.shaders: Found no alternate for: OpenGL.GL.ARB.fragment_shader.glInitFragmentShaderARB
2026-07-08 12:55:22,534 DEBUG OpenGL.GL.shaders: Found no alternate for: OpenGL.GL.ARB.vertex_shader.GL_OBJECT_ACTIVE_ATTRIBUTES_ARB
2026-07-08 12:55:22,541 DEBUG OpenGL.GL.shaders: Found no alternate for: OpenGL.GL.ARB.vertex_shader.GL_OBJECT_ACTIVE_ATTRIBUTE_MAX_LENGTH_ARB
2026-07-08 12:55:22,544 DEBUG OpenGL.GL.shaders: Found no alternate for: OpenGL.GL.ARB.vertex_shader.GLhalfARB
2026-07-08 12:55:22,546 DEBUG OpenGL.GL.shaders: Found no alternate for: OpenGL.GL.ARB.vertex_shader.glGetObjectParameterivARB
2026-07-08 12:55:22,548 DEBUG OpenGL.GL.shaders: Found no alternate for: OpenGL.GL.ARB.vertex_shader.glInitVertexShaderARB
2026-07-08 12:55:22,551 DEBUG OpenGL.GL.shaders: Found no alternate for: OpenGL.GL.ARB.vertex_program.GL_CURRENT_MATRIX_ARB
2026-07-08 12:55:22,554 DEBUG OpenGL.GL.shaders: Found no alternate for: OpenGL.GL.ARB.vertex_program.GL_CURRENT_MATRIX_STACK_DEPTH_ARB
2026-07-08 12:55:22,559 DEBUG OpenGL.GL.shaders: Found no alternate for: OpenGL.GL.ARB.vertex_program.GL_MATRIX0_ARB
2026-07-08 12:55:22,560 DEBUG OpenGL.GL.shaders: Found no alternate for: OpenGL.GL.ARB.vertex_program.GL_MATRIX10_ARB
2026-07-08 12:55:22,561 DEBUG OpenGL.GL.shaders: Found no alternate for: OpenGL.GL.ARB.vertex_program.GL_MATRIX11_ARB
2026-07-08 12:55:22,562 DEBUG OpenGL.GL.shaders: Found no alternate for: OpenGL.GL.ARB.vertex_program.GL_MATRIX12_ARB
2026-07-08 12:55:22,563 DEBUG OpenGL.GL.shaders: Found no alternate for: OpenGL.GL.ARB.vertex_program.GL_MATRIX13_ARB
2026-07-08 12:55:22,565 DEBUG OpenGL.GL.shaders: Found no alternate for: OpenGL.GL.ARB.vertex_program.GL_MATRIX14_ARB
2026-07-08 12:55:22,567 DEBUG OpenGL.GL.shaders: Found no alternate for: OpenGL.GL.ARB.vertex_program.GL_MATRIX15_ARB
2026-07-08 12:55:22,569 DEBUG OpenGL.GL.shaders: Found no alternate for: OpenGL.GL.ARB.vertex_program.GL_MATRIX16_ARB
2026-07-08 12:55:22,574 DEBUG OpenGL.GL.shaders: Found no alternate for: OpenGL.GL.ARB.vertex_program.GL_MATRIX17_ARB
2026-07-08 12:55:22,576 DEBUG OpenGL.GL.shaders: Found no alternate for: OpenGL.GL.ARB.vertex_program.GL_MATRIX18_ARB
2026-07-08 12:55:22,577 DEBUG OpenGL.GL.shaders: Found no alternate for: OpenGL.GL.ARB.vertex_program.GL_MATRIX19_ARB
2026-07-08 12:55:22,579 DEBUG OpenGL.GL.shaders: Found no alternate for: OpenGL.GL.ARB.vertex_program.GL_MATRIX1_ARB
2026-07-08 12:55:22,584 DEBUG OpenGL.GL.shaders: Found no alternate for: OpenGL.GL.ARB.vertex_program.GL_MATRIX20_ARB
2026-07-08 12:55:22,585 DEBUG OpenGL.GL.shaders: Found no alternate for: OpenGL.GL.ARB.vertex_program.GL_MATRIX21_ARB
2026-07-08 12:55:22,592 DEBUG OpenGL.GL.shaders: Found no alternate for: OpenGL.GL.ARB.vertex_program.GL_MATRIX22_ARB
2026-07-08 12:55:22,593 DEBUG OpenGL.GL.shaders: Found no alternate for: OpenGL.GL.ARB.vertex_program.GL_MATRIX23_ARB
2026-07-08 12:55:22,594 DEBUG OpenGL.GL.shaders: Found no alternate for: OpenGL.GL.ARB.vertex_program.GL_MATRIX24_ARB
2026-07-08 12:55:22,596 DEBUG OpenGL.GL.shaders: Found no alternate for: OpenGL.GL.ARB.vertex_program.GL_MATRIX25_ARB
2026-07-08 12:55:22,597 DEBUG OpenGL.GL.shaders: Found no alternate for: OpenGL.GL.ARB.vertex_program.GL_MATRIX26_ARB
2026-07-08 12:55:22,598 DEBUG OpenGL.GL.shaders: Found no alternate for: OpenGL.GL.ARB.vertex_program.GL_MATRIX27_ARB
2026-07-08 12:55:22,598 DEBUG OpenGL.GL.shaders: Found no alternate for: OpenGL.GL.ARB.vertex_program.GL_MATRIX28_ARB
2026-07-08 12:55:22,599 DEBUG OpenGL.GL.shaders: Found no alternate for: OpenGL.GL.ARB.vertex_program.GL_MATRIX29_ARB
2026-07-08 12:55:22,600 DEBUG OpenGL.GL.shaders: Found no alternate for: OpenGL.GL.ARB.vertex_program.GL_MATRIX2_ARB
2026-07-08 12:55:22,600 DEBUG OpenGL.GL.shaders: Found no alternate for: OpenGL.GL.ARB.vertex_program.GL_MATRIX30_ARB
2026-07-08 12:55:22,604 DEBUG OpenGL.GL.shaders: Found no alternate for: OpenGL.GL.ARB.vertex_program.GL_MATRIX31_ARB
2026-07-08 12:55:22,607 DEBUG OpenGL.GL.shaders: Found no alternate for: OpenGL.GL.ARB.vertex_program.GL_MATRIX3_ARB
2026-07-08 12:55:22,609 DEBUG OpenGL.GL.shaders: Found no alternate for: OpenGL.GL.ARB.vertex_program.GL_MATRIX4_ARB
2026-07-08 12:55:22,610 DEBUG OpenGL.GL.shaders: Found no alternate for: OpenGL.GL.ARB.vertex_program.GL_MATRIX5_ARB
2026-07-08 12:55:22,611 DEBUG OpenGL.GL.shaders: Found no alternate for: OpenGL.GL.ARB.vertex_program.GL_MATRIX6_ARB
2026-07-08 12:55:22,612 DEBUG OpenGL.GL.shaders: Found no alternate for: OpenGL.GL.ARB.vertex_program.GL_MATRIX7_ARB
2026-07-08 12:55:22,613 DEBUG OpenGL.GL.shaders: Found no alternate for: OpenGL.GL.ARB.vertex_program.GL_MATRIX8_ARB
2026-07-08 12:55:22,613 DEBUG OpenGL.GL.shaders: Found no alternate for: OpenGL.GL.ARB.vertex_program.GL_MATRIX9_ARB
2026-07-08 12:55:22,614 DEBUG OpenGL.GL.shaders: Found no alternate for: OpenGL.GL.ARB.vertex_program.GL_MAX_PROGRAM_ADDRESS_REGISTERS_ARB
2026-07-08 12:55:22,614 DEBUG OpenGL.GL.shaders: Found no alternate for: OpenGL.GL.ARB.vertex_program.GL_MAX_PROGRAM_ATTRIBS_ARB
2026-07-08 12:55:22,615 DEBUG OpenGL.GL.shaders: Found no alternate for: OpenGL.GL.ARB.vertex_program.GL_MAX_PROGRAM_ENV_PARAMETERS_ARB
2026-07-08 12:55:22,616 DEBUG OpenGL.GL.shaders: Found no alternate for: OpenGL.GL.ARB.vertex_program.GL_MAX_PROGRAM_INSTRUCTIONS_ARB
2026-07-08 12:55:22,617 DEBUG OpenGL.GL.shaders: Found no alternate for: OpenGL.GL.ARB.vertex_program.GL_MAX_PROGRAM_LOCAL_PARAMETERS_ARB
2026-07-08 12:55:22,617 DEBUG OpenGL.GL.shaders: Found no alternate for: OpenGL.GL.ARB.vertex_program.GL_MAX_PROGRAM_MATRICES_ARB
2026-07-08 12:55:22,618 DEBUG OpenGL.GL.shaders: Found no alternate for: OpenGL.GL.ARB.vertex_program.GL_MAX_PROGRAM_MATRIX_STACK_DEPTH_ARB
2026-07-08 12:55:22,620 DEBUG OpenGL.GL.shaders: Found no alternate for: OpenGL.GL.ARB.vertex_program.GL_MAX_PROGRAM_NATIVE_ADDRESS_REGISTERS_ARB
2026-07-08 12:55:22,620 DEBUG OpenGL.GL.shaders: Found no alternate for: OpenGL.GL.ARB.vertex_program.GL_MAX_PROGRAM_NATIVE_ATTRIBS_ARB
2026-07-08 12:55:22,624 DEBUG OpenGL.GL.shaders: Found no alternate for: OpenGL.GL.ARB.vertex_program.GL_MAX_PROGRAM_NATIVE_INSTRUCTIONS_ARB
2026-07-08 12:55:22,625 DEBUG OpenGL.GL.shaders: Found no alternate for: OpenGL.GL.ARB.vertex_program.GL_MAX_PROGRAM_NATIVE_PARAMETERS_ARB
2026-07-08 12:55:22,626 DEBUG OpenGL.GL.shaders: Found no alternate for: OpenGL.GL.ARB.vertex_program.GL_MAX_PROGRAM_NATIVE_TEMPORARIES_ARB
2026-07-08 12:55:22,627 DEBUG OpenGL.GL.shaders: Found no alternate for: OpenGL.GL.ARB.vertex_program.GL_MAX_PROGRAM_PARAMETERS_ARB
2026-07-08 12:55:22,627 DEBUG OpenGL.GL.shaders: Found no alternate for: OpenGL.GL.ARB.vertex_program.GL_MAX_PROGRAM_TEMPORARIES_ARB
2026-07-08 12:55:22,628 DEBUG OpenGL.GL.shaders: Found no alternate for: OpenGL.GL.ARB.vertex_program.GL_PROGRAM_ADDRESS_REGISTERS_ARB
2026-07-08 12:55:22,629 DEBUG OpenGL.GL.shaders: Found no alternate for: OpenGL.GL.ARB.vertex_program.GL_PROGRAM_ATTRIBS_ARB
2026-07-08 12:55:22,630 DEBUG OpenGL.GL.shaders: Found no alternate for: OpenGL.GL.ARB.vertex_program.GL_PROGRAM_BINDING_ARB
2026-07-08 12:55:22,631 DEBUG OpenGL.GL.shaders: Found no alternate for: OpenGL.GL.ARB.vertex_program.GL_PROGRAM_ERROR_POSITION_ARB
2026-07-08 12:55:22,631 DEBUG OpenGL.GL.shaders: Found no alternate for: OpenGL.GL.ARB.vertex_program.GL_PROGRAM_ERROR_STRING_ARB
2026-07-08 12:55:22,632 DEBUG OpenGL.GL.shaders: Found no alternate for: OpenGL.GL.ARB.vertex_program.GL_PROGRAM_FORMAT_ARB
2026-07-08 12:55:22,633 DEBUG OpenGL.GL.shaders: Found no alternate for: OpenGL.GL.ARB.vertex_program.GL_PROGRAM_FORMAT_ASCII_ARB
2026-07-08 12:55:22,634 DEBUG OpenGL.GL.shaders: Found no alternate for: OpenGL.GL.ARB.vertex_program.GL_PROGRAM_INSTRUCTIONS_ARB
2026-07-08 12:55:22,637 DEBUG OpenGL.GL.shaders: Found no alternate for: OpenGL.GL.ARB.vertex_program.GL_PROGRAM_LENGTH_ARB
2026-07-08 12:55:22,640 DEBUG OpenGL.GL.shaders: Found no alternate for: OpenGL.GL.ARB.vertex_program.GL_PROGRAM_NATIVE_ADDRESS_REGISTERS_ARB
2026-07-08 12:55:22,642 DEBUG OpenGL.GL.shaders: Found no alternate for: OpenGL.GL.ARB.vertex_program.GL_PROGRAM_NATIVE_ATTRIBS_ARB
2026-07-08 12:55:22,643 DEBUG OpenGL.GL.shaders: Found no alternate for: OpenGL.GL.ARB.vertex_program.GL_PROGRAM_NATIVE_INSTRUCTIONS_ARB
2026-07-08 12:55:22,643 DEBUG OpenGL.GL.shaders: Found no alternate for: OpenGL.GL.ARB.vertex_program.GL_PROGRAM_NATIVE_PARAMETERS_ARB
2026-07-08 12:55:22,644 DEBUG OpenGL.GL.shaders: Found no alternate for: OpenGL.GL.ARB.vertex_program.GL_PROGRAM_NATIVE_TEMPORARIES_ARB
2026-07-08 12:55:22,644 DEBUG OpenGL.GL.shaders: Found no alternate for: OpenGL.GL.ARB.vertex_program.GL_PROGRAM_PARAMETERS_ARB
2026-07-08 12:55:22,645 DEBUG OpenGL.GL.shaders: Found no alternate for: OpenGL.GL.ARB.vertex_program.GL_PROGRAM_STRING_ARB
2026-07-08 12:55:22,646 DEBUG OpenGL.GL.shaders: Found no alternate for: OpenGL.GL.ARB.vertex_program.GL_PROGRAM_TEMPORARIES_ARB
2026-07-08 12:55:22,646 DEBUG OpenGL.GL.shaders: Found no alternate for: OpenGL.GL.ARB.vertex_program.GL_PROGRAM_UNDER_NATIVE_LIMITS_ARB
2026-07-08 12:55:22,648 DEBUG OpenGL.GL.shaders: Found no alternate for: OpenGL.GL.ARB.vertex_program.GL_TRANSPOSE_CURRENT_MATRIX_ARB
2026-07-08 12:55:22,649 DEBUG OpenGL.GL.shaders: Found no alternate for: OpenGL.GL.ARB.vertex_program.GL_VERTEX_PROGRAM_ARB
2026-07-08 12:55:22,650 DEBUG OpenGL.GL.shaders: Found no alternate for: OpenGL.GL.ARB.vertex_program.GLhalfARB
2026-07-08 12:55:22,651 DEBUG OpenGL.GL.shaders: Found no alternate for: OpenGL.GL.ARB.vertex_program.glBindProgramARB
2026-07-08 12:55:22,651 DEBUG OpenGL.GL.shaders: Found no alternate for: OpenGL.GL.ARB.vertex_program.glDeleteProgramsARB
2026-07-08 12:55:22,654 DEBUG OpenGL.GL.shaders: Found no alternate for: OpenGL.GL.ARB.vertex_program.glGenProgramsARB
2026-07-08 12:55:22,658 DEBUG OpenGL.GL.shaders: Found no alternate for: OpenGL.GL.ARB.vertex_program.glGetProgramEnvParameterdvARB
2026-07-08 12:55:22,658 DEBUG OpenGL.GL.shaders: Found no alternate for: OpenGL.GL.ARB.vertex_program.glGetProgramEnvParameterfvARB
2026-07-08 12:55:22,659 DEBUG OpenGL.GL.shaders: Found no alternate for: OpenGL.GL.ARB.vertex_program.glGetProgramLocalParameterdvARB
2026-07-08 12:55:22,659 DEBUG OpenGL.GL.shaders: Found no alternate for: OpenGL.GL.ARB.vertex_program.glGetProgramLocalParameterfvARB
2026-07-08 12:55:22,660 DEBUG OpenGL.GL.shaders: Found no alternate for: OpenGL.GL.ARB.vertex_program.glGetProgramStringARB
2026-07-08 12:55:22,660 DEBUG OpenGL.GL.shaders: Found no alternate for: OpenGL.GL.ARB.vertex_program.glGetProgramivARB
2026-07-08 12:55:22,661 DEBUG OpenGL.GL.shaders: Found no alternate for: OpenGL.GL.ARB.vertex_program.glInitVertexProgramARB
2026-07-08 12:55:22,663 DEBUG OpenGL.GL.shaders: Found no alternate for: OpenGL.GL.ARB.vertex_program.glProgramEnvParameter4dARB
2026-07-08 12:55:22,664 DEBUG OpenGL.GL.shaders: Found no alternate for: OpenGL.GL.ARB.vertex_program.glProgramEnvParameter4dvARB
2026-07-08 12:55:22,665 DEBUG OpenGL.GL.shaders: Found no alternate for: OpenGL.GL.ARB.vertex_program.glProgramEnvParameter4fARB
2026-07-08 12:55:22,665 DEBUG OpenGL.GL.shaders: Found no alternate for: OpenGL.GL.ARB.vertex_program.glProgramEnvParameter4fvARB
2026-07-08 12:55:22,666 DEBUG OpenGL.GL.shaders: Found no alternate for: OpenGL.GL.ARB.vertex_program.glProgramLocalParameter4dARB
2026-07-08 12:55:22,667 DEBUG OpenGL.GL.shaders: Found no alternate for: OpenGL.GL.ARB.vertex_program.glProgramLocalParameter4dvARB
2026-07-08 12:55:22,667 DEBUG OpenGL.GL.shaders: Found no alternate for: OpenGL.GL.ARB.vertex_program.glProgramLocalParameter4fARB
2026-07-08 12:55:22,668 DEBUG OpenGL.GL.shaders: Found no alternate for: OpenGL.GL.ARB.vertex_program.glProgramLocalParameter4fvARB
2026-07-08 12:55:22,670 DEBUG OpenGL.GL.shaders: Found no alternate for: OpenGL.GL.ARB.vertex_program.glProgramStringARB
2026-07-08 12:55:22,675 DEBUG OpenGL.GL.shaders: Found no alternate for: OpenGL.GL.ARB.geometry_shader4.GL_FRAMEBUFFER_INCOMPLETE_LAYER_COUNT_ARB
2026-07-08 12:55:22,676 DEBUG OpenGL.GL.shaders: Found no alternate for: OpenGL.GL.ARB.geometry_shader4.GL_MAX_GEOMETRY_VARYING_COMPONENTS_ARB
2026-07-08 12:55:22,678 DEBUG OpenGL.GL.shaders: Found no alternate for: OpenGL.GL.ARB.geometry_shader4.GL_MAX_VERTEX_VARYING_COMPONENTS_ARB
2026-07-08 12:55:22,679 DEBUG OpenGL.GL.shaders: Found no alternate for: OpenGL.GL.ARB.geometry_shader4.GLhalfARB
2026-07-08 12:55:22,680 DEBUG OpenGL.GL.shaders: Found no alternate for: OpenGL.GL.ARB.geometry_shader4.glFramebufferTextureFaceARB
2026-07-08 12:55:22,681 DEBUG OpenGL.GL.shaders: Found no alternate for: OpenGL.GL.ARB.geometry_shader4.glInitGeometryShader4ARB
2026-07-08 12:57:09,831 INFO __main__: Starting application
2026-07-08 12:57:20,443 DEBUG matplotlib: matplotlib data path: C:\Users\gkaki\Desktop\Lidar avec interface\Lidar avec interface\venv\Lib\site-packages\matplotlib\mpl-data
2026-07-08 12:57:20,458 DEBUG matplotlib: CONFIGDIR=C:\Users\gkaki\.matplotlib
2026-07-08 12:57:20,461 DEBUG matplotlib: interactive is False
2026-07-08 12:57:20,462 DEBUG matplotlib: platform is win32
2026-07-08 12:57:20,675 DEBUG matplotlib: CACHEDIR=C:\Users\gkaki\.matplotlib
2026-07-08 12:57:20,681 DEBUG matplotlib.font_manager: Using fontManager instance from C:\Users\gkaki\.matplotlib\fontlist-v3.11.0.json
2026-07-08 12:57:22,512 INFO OpenGL.acceleratesupport: No OpenGL_accelerate module loaded: No module named 'OpenGL_accelerate'
2026-07-08 12:57:23,332 DEBUG OpenGL.GL.shaders: Found no alternate for: OpenGL.GL.ARB.shader_objects.GL_OBJECT_ATTACHED_OBJECTS_ARB
2026-07-08 12:57:23,333 DEBUG OpenGL.GL.shaders: Found no alternate for: OpenGL.GL.ARB.shader_objects.GL_OBJECT_DELETE_STATUS_ARB
2026-07-08 12:57:23,333 DEBUG OpenGL.GL.shaders: Found no alternate for: OpenGL.GL.ARB.shader_objects.GL_OBJECT_INFO_LOG_LENGTH_ARB
2026-07-08 12:57:23,334 DEBUG OpenGL.GL.shaders: Found no alternate for: OpenGL.GL.ARB.shader_objects.GL_OBJECT_SHADER_SOURCE_LENGTH_ARB
2026-07-08 12:57:23,334 DEBUG OpenGL.GL.shaders: Found no alternate for: OpenGL.GL.ARB.shader_objects.GL_OBJECT_SUBTYPE_ARB
2026-07-08 12:57:23,335 DEBUG OpenGL.GL.shaders: Found no alternate for: OpenGL.GL.ARB.shader_objects.GL_OBJECT_VALIDATE_STATUS_ARB
2026-07-08 12:57:23,336 DEBUG OpenGL.GL.shaders: Found no alternate for: OpenGL.GL.ARB.shader_objects.GL_PROGRAM_OBJECT_ARB
2026-07-08 12:57:23,336 DEBUG OpenGL.GL.shaders: Found no alternate for: OpenGL.GL.ARB.shader_objects.GL_SHADER_OBJECT_ARB
2026-07-08 12:57:23,338 DEBUG OpenGL.GL.shaders: Found no alternate for: OpenGL.GL.ARB.shader_objects.GLhalfARB
2026-07-08 12:57:23,339 DEBUG OpenGL.GL.shaders: Found no alternate for: OpenGL.GL.ARB.shader_objects.glAttachObjectARB
2026-07-08 12:57:23,341 DEBUG OpenGL.GL.shaders: Found no alternate for: OpenGL.GL.ARB.shader_objects.glDeleteObjectARB
2026-07-08 12:57:23,342 DEBUG OpenGL.GL.shaders: Found no alternate for: OpenGL.GL.ARB.shader_objects.glDetachObjectARB
2026-07-08 12:57:23,342 DEBUG OpenGL.GL.shaders: Found no alternate for: OpenGL.GL.ARB.shader_objects.glGetAttachedObjectsARB
2026-07-08 12:57:23,343 DEBUG OpenGL.GL.shaders: Found no alternate for: OpenGL.GL.ARB.shader_objects.glGetHandleARB
2026-07-08 12:57:23,343 DEBUG OpenGL.GL.shaders: Found no alternate for: OpenGL.GL.ARB.shader_objects.glGetInfoLogARB
2026-07-08 12:57:23,345 DEBUG OpenGL.GL.shaders: Found no alternate for: OpenGL.GL.ARB.shader_objects.glGetObjectParameterfvARB
2026-07-08 12:57:23,346 DEBUG OpenGL.GL.shaders: Found no alternate for: OpenGL.GL.ARB.shader_objects.glGetObjectParameterivARB
2026-07-08 12:57:23,347 DEBUG OpenGL.GL.shaders: Found no alternate for: OpenGL.GL.ARB.shader_objects.glInitShaderObjectsARB
2026-07-08 12:57:23,350 DEBUG OpenGL.GL.shaders: Found no alternate for: OpenGL.GL.ARB.fragment_shader.GLhalfARB
2026-07-08 12:57:23,351 DEBUG OpenGL.GL.shaders: Found no alternate for: OpenGL.GL.ARB.fragment_shader.glInitFragmentShaderARB
2026-07-08 12:57:23,353 DEBUG OpenGL.GL.shaders: Found no alternate for: OpenGL.GL.ARB.vertex_shader.GL_OBJECT_ACTIVE_ATTRIBUTES_ARB
2026-07-08 12:57:23,357 DEBUG OpenGL.GL.shaders: Found no alternate for: OpenGL.GL.ARB.vertex_shader.GL_OBJECT_ACTIVE_ATTRIBUTE_MAX_LENGTH_ARB
2026-07-08 12:57:23,359 DEBUG OpenGL.GL.shaders: Found no alternate for: OpenGL.GL.ARB.vertex_shader.GLhalfARB
2026-07-08 12:57:23,365 DEBUG OpenGL.GL.shaders: Found no alternate for: OpenGL.GL.ARB.vertex_shader.glGetObjectParameterivARB
2026-07-08 12:57:23,367 DEBUG OpenGL.GL.shaders: Found no alternate for: OpenGL.GL.ARB.vertex_shader.glInitVertexShaderARB
2026-07-08 12:57:23,373 DEBUG OpenGL.GL.shaders: Found no alternate for: OpenGL.GL.ARB.vertex_program.GL_CURRENT_MATRIX_ARB
2026-07-08 12:57:23,373 DEBUG OpenGL.GL.shaders: Found no alternate for: OpenGL.GL.ARB.vertex_program.GL_CURRENT_MATRIX_STACK_DEPTH_ARB
2026-07-08 12:57:23,374 DEBUG OpenGL.GL.shaders: Found no alternate for: OpenGL.GL.ARB.vertex_program.GL_MATRIX0_ARB
2026-07-08 12:57:23,375 DEBUG OpenGL.GL.shaders: Found no alternate for: OpenGL.GL.ARB.vertex_program.GL_MATRIX10_ARB
2026-07-08 12:57:23,375 DEBUG OpenGL.GL.shaders: Found no alternate for: OpenGL.GL.ARB.vertex_program.GL_MATRIX11_ARB
2026-07-08 12:57:23,376 DEBUG OpenGL.GL.shaders: Found no alternate for: OpenGL.GL.ARB.vertex_program.GL_MATRIX12_ARB
2026-07-08 12:57:23,377 DEBUG OpenGL.GL.shaders: Found no alternate for: OpenGL.GL.ARB.vertex_program.GL_MATRIX13_ARB
2026-07-08 12:57:23,378 DEBUG OpenGL.GL.shaders: Found no alternate for: OpenGL.GL.ARB.vertex_program.GL_MATRIX14_ARB
2026-07-08 12:57:23,380 DEBUG OpenGL.GL.shaders: Found no alternate for: OpenGL.GL.ARB.vertex_program.GL_MATRIX15_ARB
2026-07-08 12:57:23,382 DEBUG OpenGL.GL.shaders: Found no alternate for: OpenGL.GL.ARB.vertex_program.GL_MATRIX16_ARB
2026-07-08 12:57:23,385 DEBUG OpenGL.GL.shaders: Found no alternate for: OpenGL.GL.ARB.vertex_program.GL_MATRIX17_ARB
2026-07-08 12:57:23,387 DEBUG OpenGL.GL.shaders: Found no alternate for: OpenGL.GL.ARB.vertex_program.GL_MATRIX18_ARB
2026-07-08 12:57:23,388 DEBUG OpenGL.GL.shaders: Found no alternate for: OpenGL.GL.ARB.vertex_program.GL_MATRIX19_ARB
2026-07-08 12:57:23,389 DEBUG OpenGL.GL.shaders: Found no alternate for: OpenGL.GL.ARB.vertex_program.GL_MATRIX1_ARB
2026-07-08 12:57:23,389 DEBUG OpenGL.GL.shaders: Found no alternate for: OpenGL.GL.ARB.vertex_program.GL_MATRIX20_ARB
2026-07-08 12:57:23,390 DEBUG OpenGL.GL.shaders: Found no alternate for: OpenGL.GL.ARB.vertex_program.GL_MATRIX21_ARB
2026-07-08 12:57:23,393 DEBUG OpenGL.GL.shaders: Found no alternate for: OpenGL.GL.ARB.vertex_program.GL_MATRIX22_ARB
2026-07-08 12:57:23,393 DEBUG OpenGL.GL.shaders: Found no alternate for: OpenGL.GL.ARB.vertex_program.GL_MATRIX23_ARB
2026-07-08 12:57:23,394 DEBUG OpenGL.GL.shaders: Found no alternate for: OpenGL.GL.ARB.vertex_program.GL_MATRIX24_ARB
2026-07-08 12:57:23,396 DEBUG OpenGL.GL.shaders: Found no alternate for: OpenGL.GL.ARB.vertex_program.GL_MATRIX25_ARB
2026-07-08 12:57:23,397 DEBUG OpenGL.GL.shaders: Found no alternate for: OpenGL.GL.ARB.vertex_program.GL_MATRIX26_ARB
2026-07-08 12:57:23,398 DEBUG OpenGL.GL.shaders: Found no alternate for: OpenGL.GL.ARB.vertex_program.GL_MATRIX27_ARB
2026-07-08 12:57:23,399 DEBUG OpenGL.GL.shaders: Found no alternate for: OpenGL.GL.ARB.vertex_program.GL_MATRIX28_ARB
2026-07-08 12:57:23,400 DEBUG OpenGL.GL.shaders: Found no alternate for: OpenGL.GL.ARB.vertex_program.GL_MATRIX29_ARB
2026-07-08 12:57:23,400 DEBUG OpenGL.GL.shaders: Found no alternate for: OpenGL.GL.ARB.vertex_program.GL_MATRIX2_ARB
2026-07-08 12:57:23,401 DEBUG OpenGL.GL.shaders: Found no alternate for: OpenGL.GL.ARB.vertex_program.GL_MATRIX30_ARB
2026-07-08 12:57:23,402 DEBUG OpenGL.GL.shaders: Found no alternate for: OpenGL.GL.ARB.vertex_program.GL_MATRIX31_ARB
2026-07-08 12:57:23,402 DEBUG OpenGL.GL.shaders: Found no alternate for: OpenGL.GL.ARB.vertex_program.GL_MATRIX3_ARB
2026-07-08 12:57:23,403 DEBUG OpenGL.GL.shaders: Found no alternate for: OpenGL.GL.ARB.vertex_program.GL_MATRIX4_ARB
2026-07-08 12:57:23,407 DEBUG OpenGL.GL.shaders: Found no alternate for: OpenGL.GL.ARB.vertex_program.GL_MATRIX5_ARB
2026-07-08 12:57:23,408 DEBUG OpenGL.GL.shaders: Found no alternate for: OpenGL.GL.ARB.vertex_program.GL_MATRIX6_ARB
2026-07-08 12:57:23,409 DEBUG OpenGL.GL.shaders: Found no alternate for: OpenGL.GL.ARB.vertex_program.GL_MATRIX7_ARB
2026-07-08 12:57:23,410 DEBUG OpenGL.GL.shaders: Found no alternate for: OpenGL.GL.ARB.vertex_program.GL_MATRIX8_ARB
2026-07-08 12:57:23,413 DEBUG OpenGL.GL.shaders: Found no alternate for: OpenGL.GL.ARB.vertex_program.GL_MATRIX9_ARB
2026-07-08 12:57:23,415 DEBUG OpenGL.GL.shaders: Found no alternate for: OpenGL.GL.ARB.vertex_program.GL_MAX_PROGRAM_ADDRESS_REGISTERS_ARB
2026-07-08 12:57:23,418 DEBUG OpenGL.GL.shaders: Found no alternate for: OpenGL.GL.ARB.vertex_program.GL_MAX_PROGRAM_ATTRIBS_ARB
2026-07-08 12:57:23,418 DEBUG OpenGL.GL.shaders: Found no alternate for: OpenGL.GL.ARB.vertex_program.GL_MAX_PROGRAM_ENV_PARAMETERS_ARB
2026-07-08 12:57:23,419 DEBUG OpenGL.GL.shaders: Found no alternate for: OpenGL.GL.ARB.vertex_program.GL_MAX_PROGRAM_INSTRUCTIONS_ARB
2026-07-08 12:57:23,420 DEBUG OpenGL.GL.shaders: Found no alternate for: OpenGL.GL.ARB.vertex_program.GL_MAX_PROGRAM_LOCAL_PARAMETERS_ARB
2026-07-08 12:57:23,420 DEBUG OpenGL.GL.shaders: Found no alternate for: OpenGL.GL.ARB.vertex_program.GL_MAX_PROGRAM_MATRICES_ARB
2026-07-08 12:57:23,421 DEBUG OpenGL.GL.shaders: Found no alternate for: OpenGL.GL.ARB.vertex_program.GL_MAX_PROGRAM_MATRIX_STACK_DEPTH_ARB
2026-07-08 12:57:23,422 DEBUG OpenGL.GL.shaders: Found no alternate for: OpenGL.GL.ARB.vertex_program.GL_MAX_PROGRAM_NATIVE_ADDRESS_REGISTERS_ARB
2026-07-08 12:57:23,422 DEBUG OpenGL.GL.shaders: Found no alternate for: OpenGL.GL.ARB.vertex_program.GL_MAX_PROGRAM_NATIVE_ATTRIBS_ARB
2026-07-08 12:57:23,423 DEBUG OpenGL.GL.shaders: Found no alternate for: OpenGL.GL.ARB.vertex_program.GL_MAX_PROGRAM_NATIVE_INSTRUCTIONS_ARB
2026-07-08 12:57:23,423 DEBUG OpenGL.GL.shaders: Found no alternate for: OpenGL.GL.ARB.vertex_program.GL_MAX_PROGRAM_NATIVE_PARAMETERS_ARB
2026-07-08 12:57:23,424 DEBUG OpenGL.GL.shaders: Found no alternate for: OpenGL.GL.ARB.vertex_program.GL_MAX_PROGRAM_NATIVE_TEMPORARIES_ARB
2026-07-08 12:57:23,425 DEBUG OpenGL.GL.shaders: Found no alternate for: OpenGL.GL.ARB.vertex_program.GL_MAX_PROGRAM_PARAMETERS_ARB
2026-07-08 12:57:23,426 DEBUG OpenGL.GL.shaders: Found no alternate for: OpenGL.GL.ARB.vertex_program.GL_MAX_PROGRAM_TEMPORARIES_ARB
2026-07-08 12:57:23,426 DEBUG OpenGL.GL.shaders: Found no alternate for: OpenGL.GL.ARB.vertex_program.GL_PROGRAM_ADDRESS_REGISTERS_ARB
2026-07-08 12:57:23,427 DEBUG OpenGL.GL.shaders: Found no alternate for: OpenGL.GL.ARB.vertex_program.GL_PROGRAM_ATTRIBS_ARB
2026-07-08 12:57:23,428 DEBUG OpenGL.GL.shaders: Found no alternate for: OpenGL.GL.ARB.vertex_program.GL_PROGRAM_BINDING_ARB
2026-07-08 12:57:23,429 DEBUG OpenGL.GL.shaders: Found no alternate for: OpenGL.GL.ARB.vertex_program.GL_PROGRAM_ERROR_POSITION_ARB
2026-07-08 12:57:23,432 DEBUG OpenGL.GL.shaders: Found no alternate for: OpenGL.GL.ARB.vertex_program.GL_PROGRAM_ERROR_STRING_ARB
2026-07-08 12:57:23,434 DEBUG OpenGL.GL.shaders: Found no alternate for: OpenGL.GL.ARB.vertex_program.GL_PROGRAM_FORMAT_ARB
2026-07-08 12:57:23,435 DEBUG OpenGL.GL.shaders: Found no alternate for: OpenGL.GL.ARB.vertex_program.GL_PROGRAM_FORMAT_ASCII_ARB
2026-07-08 12:57:23,435 DEBUG OpenGL.GL.shaders: Found no alternate for: OpenGL.GL.ARB.vertex_program.GL_PROGRAM_INSTRUCTIONS_ARB
2026-07-08 12:57:23,437 DEBUG OpenGL.GL.shaders: Found no alternate for: OpenGL.GL.ARB.vertex_program.GL_PROGRAM_LENGTH_ARB
2026-07-08 12:57:23,437 DEBUG OpenGL.GL.shaders: Found no alternate for: OpenGL.GL.ARB.vertex_program.GL_PROGRAM_NATIVE_ADDRESS_REGISTERS_ARB
2026-07-08 12:57:23,438 DEBUG OpenGL.GL.shaders: Found no alternate for: OpenGL.GL.ARB.vertex_program.GL_PROGRAM_NATIVE_ATTRIBS_ARB
2026-07-08 12:57:23,438 DEBUG OpenGL.GL.shaders: Found no alternate for: OpenGL.GL.ARB.vertex_program.GL_PROGRAM_NATIVE_INSTRUCTIONS_ARB
2026-07-08 12:57:23,439 DEBUG OpenGL.GL.shaders: Found no alternate for: OpenGL.GL.ARB.vertex_program.GL_PROGRAM_NATIVE_PARAMETERS_ARB
2026-07-08 12:57:23,439 DEBUG OpenGL.GL.shaders: Found no alternate for: OpenGL.GL.ARB.vertex_program.GL_PROGRAM_NATIVE_TEMPORARIES_ARB
2026-07-08 12:57:23,440 DEBUG OpenGL.GL.shaders: Found no alternate for: OpenGL.GL.ARB.vertex_program.GL_PROGRAM_PARAMETERS_ARB
2026-07-08 12:57:23,440 DEBUG OpenGL.GL.shaders: Found no alternate for: OpenGL.GL.ARB.vertex_program.GL_PROGRAM_STRING_ARB
2026-07-08 12:57:23,441 DEBUG OpenGL.GL.shaders: Found no alternate for: OpenGL.GL.ARB.vertex_program.GL_PROGRAM_TEMPORARIES_ARB
2026-07-08 12:57:23,441 DEBUG OpenGL.GL.shaders: Found no alternate for: OpenGL.GL.ARB.vertex_program.GL_PROGRAM_UNDER_NATIVE_LIMITS_ARB
2026-07-08 12:57:23,441 DEBUG OpenGL.GL.shaders: Found no alternate for: OpenGL.GL.ARB.vertex_program.GL_TRANSPOSE_CURRENT_MATRIX_ARB
2026-07-08 12:57:23,442 DEBUG OpenGL.GL.shaders: Found no alternate for: OpenGL.GL.ARB.vertex_program.GL_VERTEX_PROGRAM_ARB
2026-07-08 12:57:23,443 DEBUG OpenGL.GL.shaders: Found no alternate for: OpenGL.GL.ARB.vertex_program.GLhalfARB
2026-07-08 12:57:23,446 DEBUG OpenGL.GL.shaders: Found no alternate for: OpenGL.GL.ARB.vertex_program.glBindProgramARB
2026-07-08 12:57:23,451 DEBUG OpenGL.GL.shaders: Found no alternate for: OpenGL.GL.ARB.vertex_program.glDeleteProgramsARB
2026-07-08 12:57:23,452 DEBUG OpenGL.GL.shaders: Found no alternate for: OpenGL.GL.ARB.vertex_program.glGenProgramsARB
2026-07-08 12:57:23,453 DEBUG OpenGL.GL.shaders: Found no alternate for: OpenGL.GL.ARB.vertex_program.glGetProgramEnvParameterdvARB
2026-07-08 12:57:23,454 DEBUG OpenGL.GL.shaders: Found no alternate for: OpenGL.GL.ARB.vertex_program.glGetProgramEnvParameterfvARB
2026-07-08 12:57:23,454 DEBUG OpenGL.GL.shaders: Found no alternate for: OpenGL.GL.ARB.vertex_program.glGetProgramLocalParameterdvARB
2026-07-08 12:57:23,455 DEBUG OpenGL.GL.shaders: Found no alternate for: OpenGL.GL.ARB.vertex_program.glGetProgramLocalParameterfvARB
2026-07-08 12:57:23,455 DEBUG OpenGL.GL.shaders: Found no alternate for: OpenGL.GL.ARB.vertex_program.glGetProgramStringARB
2026-07-08 12:57:23,456 DEBUG OpenGL.GL.shaders: Found no alternate for: OpenGL.GL.ARB.vertex_program.glGetProgramivARB
2026-07-08 12:57:23,457 DEBUG OpenGL.GL.shaders: Found no alternate for: OpenGL.GL.ARB.vertex_program.glInitVertexProgramARB
2026-07-08 12:57:23,458 DEBUG OpenGL.GL.shaders: Found no alternate for: OpenGL.GL.ARB.vertex_program.glProgramEnvParameter4dARB
2026-07-08 12:57:23,459 DEBUG OpenGL.GL.shaders: Found no alternate for: OpenGL.GL.ARB.vertex_program.glProgramEnvParameter4dvARB
2026-07-08 12:57:23,460 DEBUG OpenGL.GL.shaders: Found no alternate for: OpenGL.GL.ARB.vertex_program.glProgramEnvParameter4fARB
2026-07-08 12:57:23,463 DEBUG OpenGL.GL.shaders: Found no alternate for: OpenGL.GL.ARB.vertex_program.glProgramEnvParameter4fvARB
2026-07-08 12:57:23,466 DEBUG OpenGL.GL.shaders: Found no alternate for: OpenGL.GL.ARB.vertex_program.glProgramLocalParameter4dARB
2026-07-08 12:57:23,468 DEBUG OpenGL.GL.shaders: Found no alternate for: OpenGL.GL.ARB.vertex_program.glProgramLocalParameter4dvARB
2026-07-08 12:57:23,469 DEBUG OpenGL.GL.shaders: Found no alternate for: OpenGL.GL.ARB.vertex_program.glProgramLocalParameter4fARB
2026-07-08 12:57:23,469 DEBUG OpenGL.GL.shaders: Found no alternate for: OpenGL.GL.ARB.vertex_program.glProgramLocalParameter4fvARB
2026-07-08 12:57:23,470 DEBUG OpenGL.GL.shaders: Found no alternate for: OpenGL.GL.ARB.vertex_program.glProgramStringARB
2026-07-08 12:57:23,472 DEBUG OpenGL.GL.shaders: Found no alternate for: OpenGL.GL.ARB.geometry_shader4.GL_FRAMEBUFFER_INCOMPLETE_LAYER_COUNT_ARB
2026-07-08 12:57:23,473 DEBUG OpenGL.GL.shaders: Found no alternate for: OpenGL.GL.ARB.geometry_shader4.GL_MAX_GEOMETRY_VARYING_COMPONENTS_ARB
2026-07-08 12:57:23,474 DEBUG OpenGL.GL.shaders: Found no alternate for: OpenGL.GL.ARB.geometry_shader4.GL_MAX_VERTEX_VARYING_COMPONENTS_ARB
2026-07-08 12:57:23,475 DEBUG OpenGL.GL.shaders: Found no alternate for: OpenGL.GL.ARB.geometry_shader4.GLhalfARB
2026-07-08 12:57:23,476 DEBUG OpenGL.GL.shaders: Found no alternate for: OpenGL.GL.ARB.geometry_shader4.glFramebufferTextureFaceARB
2026-07-08 12:57:23,477 DEBUG OpenGL.GL.shaders: Found no alternate for: OpenGL.GL.ARB.geometry_shader4.glInitGeometryShader4ARB
2026-07-08 12:58:22,975 INFO __main__: Starting application
2026-07-08 12:58:30,822 DEBUG matplotlib: matplotlib data path: C:\Users\gkaki\Desktop\Lidar avec interface\Lidar avec interface\venv\Lib\site-packages\matplotlib\mpl-data
2026-07-08 12:58:30,842 DEBUG matplotlib: CONFIGDIR=C:\Users\gkaki\.matplotlib
2026-07-08 12:58:30,849 DEBUG matplotlib: interactive is False
2026-07-08 12:58:30,850 DEBUG matplotlib: platform is win32
2026-07-08 12:58:31,225 DEBUG matplotlib: CACHEDIR=C:\Users\gkaki\.matplotlib
2026-07-08 12:58:31,274 DEBUG matplotlib.font_manager: Using fontManager instance from C:\Users\gkaki\.matplotlib\fontlist-v3.11.0.json
2026-07-08 12:58:32,842 INFO OpenGL.acceleratesupport: No OpenGL_accelerate module loaded: No module named 'OpenGL_accelerate'
2026-07-08 12:58:33,530 DEBUG OpenGL.GL.shaders: Found no alternate for: OpenGL.GL.ARB.shader_objects.GL_OBJECT_ATTACHED_OBJECTS_ARB
2026-07-08 12:58:33,530 DEBUG OpenGL.GL.shaders: Found no alternate for: OpenGL.GL.ARB.shader_objects.GL_OBJECT_DELETE_STATUS_ARB
2026-07-08 12:58:33,531 DEBUG OpenGL.GL.shaders: Found no alternate for: OpenGL.GL.ARB.shader_objects.GL_OBJECT_INFO_LOG_LENGTH_ARB
2026-07-08 12:58:33,531 DEBUG OpenGL.GL.shaders: Found no alternate for: OpenGL.GL.ARB.shader_objects.GL_OBJECT_SHADER_SOURCE_LENGTH_ARB
2026-07-08 12:58:33,532 DEBUG OpenGL.GL.shaders: Found no alternate for: OpenGL.GL.ARB.shader_objects.GL_OBJECT_SUBTYPE_ARB
2026-07-08 12:58:33,532 DEBUG OpenGL.GL.shaders: Found no alternate for: OpenGL.GL.ARB.shader_objects.GL_OBJECT_VALIDATE_STATUS_ARB
2026-07-08 12:58:33,533 DEBUG OpenGL.GL.shaders: Found no alternate for: OpenGL.GL.ARB.shader_objects.GL_PROGRAM_OBJECT_ARB
2026-07-08 12:58:33,533 DEBUG OpenGL.GL.shaders: Found no alternate for: OpenGL.GL.ARB.shader_objects.GL_SHADER_OBJECT_ARB
2026-07-08 12:58:33,534 DEBUG OpenGL.GL.shaders: Found no alternate for: OpenGL.GL.ARB.shader_objects.GLhalfARB
2026-07-08 12:58:33,535 DEBUG OpenGL.GL.shaders: Found no alternate for: OpenGL.GL.ARB.shader_objects.glAttachObjectARB
2026-07-08 12:58:33,536 DEBUG OpenGL.GL.shaders: Found no alternate for: OpenGL.GL.ARB.shader_objects.glDeleteObjectARB
2026-07-08 12:58:33,537 DEBUG OpenGL.GL.shaders: Found no alternate for: OpenGL.GL.ARB.shader_objects.glDetachObjectARB
2026-07-08 12:58:33,537 DEBUG OpenGL.GL.shaders: Found no alternate for: OpenGL.GL.ARB.shader_objects.glGetAttachedObjectsARB
2026-07-08 12:58:33,538 DEBUG OpenGL.GL.shaders: Found no alternate for: OpenGL.GL.ARB.shader_objects.glGetHandleARB
2026-07-08 12:58:33,539 DEBUG OpenGL.GL.shaders: Found no alternate for: OpenGL.GL.ARB.shader_objects.glGetInfoLogARB
2026-07-08 12:58:33,540 DEBUG OpenGL.GL.shaders: Found no alternate for: OpenGL.GL.ARB.shader_objects.glGetObjectParameterfvARB
2026-07-08 12:58:33,540 DEBUG OpenGL.GL.shaders: Found no alternate for: OpenGL.GL.ARB.shader_objects.glGetObjectParameterivARB
2026-07-08 12:58:33,541 DEBUG OpenGL.GL.shaders: Found no alternate for: OpenGL.GL.ARB.shader_objects.glInitShaderObjectsARB
2026-07-08 12:58:33,544 DEBUG OpenGL.GL.shaders: Found no alternate for: OpenGL.GL.ARB.fragment_shader.GLhalfARB
2026-07-08 12:58:33,544 DEBUG OpenGL.GL.shaders: Found no alternate for: OpenGL.GL.ARB.fragment_shader.glInitFragmentShaderARB
2026-07-08 12:58:33,545 DEBUG OpenGL.GL.shaders: Found no alternate for: OpenGL.GL.ARB.vertex_shader.GL_OBJECT_ACTIVE_ATTRIBUTES_ARB
2026-07-08 12:58:33,546 DEBUG OpenGL.GL.shaders: Found no alternate for: OpenGL.GL.ARB.vertex_shader.GL_OBJECT_ACTIVE_ATTRIBUTE_MAX_LENGTH_ARB
2026-07-08 12:58:33,547 DEBUG OpenGL.GL.shaders: Found no alternate for: OpenGL.GL.ARB.vertex_shader.GLhalfARB
2026-07-08 12:58:33,548 DEBUG OpenGL.GL.shaders: Found no alternate for: OpenGL.GL.ARB.vertex_shader.glGetObjectParameterivARB
2026-07-08 12:58:33,549 DEBUG OpenGL.GL.shaders: Found no alternate for: OpenGL.GL.ARB.vertex_shader.glInitVertexShaderARB
2026-07-08 12:58:33,555 DEBUG OpenGL.GL.shaders: Found no alternate for: OpenGL.GL.ARB.vertex_program.GL_CURRENT_MATRIX_ARB
2026-07-08 12:58:33,555 DEBUG OpenGL.GL.shaders: Found no alternate for: OpenGL.GL.ARB.vertex_program.GL_CURRENT_MATRIX_STACK_DEPTH_ARB
2026-07-08 12:58:33,556 DEBUG OpenGL.GL.shaders: Found no alternate for: OpenGL.GL.ARB.vertex_program.GL_MATRIX0_ARB
2026-07-08 12:58:33,557 DEBUG OpenGL.GL.shaders: Found no alternate for: OpenGL.GL.ARB.vertex_program.GL_MATRIX10_ARB
2026-07-08 12:58:33,557 DEBUG OpenGL.GL.shaders: Found no alternate for: OpenGL.GL.ARB.vertex_program.GL_MATRIX11_ARB
2026-07-08 12:58:33,558 DEBUG OpenGL.GL.shaders: Found no alternate for: OpenGL.GL.ARB.vertex_program.GL_MATRIX12_ARB
2026-07-08 12:58:33,559 DEBUG OpenGL.GL.shaders: Found no alternate for: OpenGL.GL.ARB.vertex_program.GL_MATRIX13_ARB
2026-07-08 12:58:33,560 DEBUG OpenGL.GL.shaders: Found no alternate for: OpenGL.GL.ARB.vertex_program.GL_MATRIX14_ARB
2026-07-08 12:58:33,565 DEBUG OpenGL.GL.shaders: Found no alternate for: OpenGL.GL.ARB.vertex_program.GL_MATRIX15_ARB
2026-07-08 12:58:33,565 DEBUG OpenGL.GL.shaders: Found no alternate for: OpenGL.GL.ARB.vertex_program.GL_MATRIX16_ARB
2026-07-08 12:58:33,566 DEBUG OpenGL.GL.shaders: Found no alternate for: OpenGL.GL.ARB.vertex_program.GL_MATRIX17_ARB
2026-07-08 12:58:33,567 DEBUG OpenGL.GL.shaders: Found no alternate for: OpenGL.GL.ARB.vertex_program.GL_MATRIX18_ARB
2026-07-08 12:58:33,568 DEBUG OpenGL.GL.shaders: Found no alternate for: OpenGL.GL.ARB.vertex_program.GL_MATRIX19_ARB
2026-07-08 12:58:33,569 DEBUG OpenGL.GL.shaders: Found no alternate for: OpenGL.GL.ARB.vertex_program.GL_MATRIX1_ARB
2026-07-08 12:58:33,572 DEBUG OpenGL.GL.shaders: Found no alternate for: OpenGL.GL.ARB.vertex_program.GL_MATRIX20_ARB
2026-07-08 12:58:33,573 DEBUG OpenGL.GL.shaders: Found no alternate for: OpenGL.GL.ARB.vertex_program.GL_MATRIX21_ARB
2026-07-08 12:58:33,573 DEBUG OpenGL.GL.shaders: Found no alternate for: OpenGL.GL.ARB.vertex_program.GL_MATRIX22_ARB
2026-07-08 12:58:33,574 DEBUG OpenGL.GL.shaders: Found no alternate for: OpenGL.GL.ARB.vertex_program.GL_MATRIX23_ARB
2026-07-08 12:58:33,575 DEBUG OpenGL.GL.shaders: Found no alternate for: OpenGL.GL.ARB.vertex_program.GL_MATRIX24_ARB
2026-07-08 12:58:33,576 DEBUG OpenGL.GL.shaders: Found no alternate for: OpenGL.GL.ARB.vertex_program.GL_MATRIX25_ARB
2026-07-08 12:58:33,577 DEBUG OpenGL.GL.shaders: Found no alternate for: OpenGL.GL.ARB.vertex_program.GL_MATRIX26_ARB
2026-07-08 12:58:33,578 DEBUG OpenGL.GL.shaders: Found no alternate for: OpenGL.GL.ARB.vertex_program.GL_MATRIX27_ARB
2026-07-08 12:58:33,579 DEBUG OpenGL.GL.shaders: Found no alternate for: OpenGL.GL.ARB.vertex_program.GL_MATRIX28_ARB
2026-07-08 12:58:33,581 DEBUG OpenGL.GL.shaders: Found no alternate for: OpenGL.GL.ARB.vertex_program.GL_MATRIX29_ARB
2026-07-08 12:58:33,582 DEBUG OpenGL.GL.shaders: Found no alternate for: OpenGL.GL.ARB.vertex_program.GL_MATRIX2_ARB
2026-07-08 12:58:33,584 DEBUG OpenGL.GL.shaders: Found no alternate for: OpenGL.GL.ARB.vertex_program.GL_MATRIX30_ARB
2026-07-08 12:58:33,584 DEBUG OpenGL.GL.shaders: Found no alternate for: OpenGL.GL.ARB.vertex_program.GL_MATRIX31_ARB
2026-07-08 12:58:33,585 DEBUG OpenGL.GL.shaders: Found no alternate for: OpenGL.GL.ARB.vertex_program.GL_MATRIX3_ARB
2026-07-08 12:58:33,585 DEBUG OpenGL.GL.shaders: Found no alternate for: OpenGL.GL.ARB.vertex_program.GL_MATRIX4_ARB
2026-07-08 12:58:33,586 DEBUG OpenGL.GL.shaders: Found no alternate for: OpenGL.GL.ARB.vertex_program.GL_MATRIX5_ARB
2026-07-08 12:58:33,587 DEBUG OpenGL.GL.shaders: Found no alternate for: OpenGL.GL.ARB.vertex_program.GL_MATRIX6_ARB
2026-07-08 12:58:33,588 DEBUG OpenGL.GL.shaders: Found no alternate for: OpenGL.GL.ARB.vertex_program.GL_MATRIX7_ARB
2026-07-08 12:58:33,589 DEBUG OpenGL.GL.shaders: Found no alternate for: OpenGL.GL.ARB.vertex_program.GL_MATRIX8_ARB
2026-07-08 12:58:33,590 DEBUG OpenGL.GL.shaders: Found no alternate for: OpenGL.GL.ARB.vertex_program.GL_MATRIX9_ARB
2026-07-08 12:58:33,591 DEBUG OpenGL.GL.shaders: Found no alternate for: OpenGL.GL.ARB.vertex_program.GL_MAX_PROGRAM_ADDRESS_REGISTERS_ARB
2026-07-08 12:58:33,592 DEBUG OpenGL.GL.shaders: Found no alternate for: OpenGL.GL.ARB.vertex_program.GL_MAX_PROGRAM_ATTRIBS_ARB
2026-07-08 12:58:33,592 DEBUG OpenGL.GL.shaders: Found no alternate for: OpenGL.GL.ARB.vertex_program.GL_MAX_PROGRAM_ENV_PARAMETERS_ARB
2026-07-08 12:58:33,593 DEBUG OpenGL.GL.shaders: Found no alternate for: OpenGL.GL.ARB.vertex_program.GL_MAX_PROGRAM_INSTRUCTIONS_ARB
2026-07-08 12:58:33,593 DEBUG OpenGL.GL.shaders: Found no alternate for: OpenGL.GL.ARB.vertex_program.GL_MAX_PROGRAM_LOCAL_PARAMETERS_ARB
2026-07-08 12:58:33,594 DEBUG OpenGL.GL.shaders: Found no alternate for: OpenGL.GL.ARB.vertex_program.GL_MAX_PROGRAM_MATRICES_ARB
2026-07-08 12:58:33,597 DEBUG OpenGL.GL.shaders: Found no alternate for: OpenGL.GL.ARB.vertex_program.GL_MAX_PROGRAM_MATRIX_STACK_DEPTH_ARB
2026-07-08 12:58:33,598 DEBUG OpenGL.GL.shaders: Found no alternate for: OpenGL.GL.ARB.vertex_program.GL_MAX_PROGRAM_NATIVE_ADDRESS_REGISTERS_ARB
2026-07-08 12:58:33,599 DEBUG OpenGL.GL.shaders: Found no alternate for: OpenGL.GL.ARB.vertex_program.GL_MAX_PROGRAM_NATIVE_ATTRIBS_ARB
2026-07-08 12:58:33,600 DEBUG OpenGL.GL.shaders: Found no alternate for: OpenGL.GL.ARB.vertex_program.GL_MAX_PROGRAM_NATIVE_INSTRUCTIONS_ARB
2026-07-08 12:58:33,600 DEBUG OpenGL.GL.shaders: Found no alternate for: OpenGL.GL.ARB.vertex_program.GL_MAX_PROGRAM_NATIVE_PARAMETERS_ARB
2026-07-08 12:58:33,601 DEBUG OpenGL.GL.shaders: Found no alternate for: OpenGL.GL.ARB.vertex_program.GL_MAX_PROGRAM_NATIVE_TEMPORARIES_ARB
2026-07-08 12:58:33,602 DEBUG OpenGL.GL.shaders: Found no alternate for: OpenGL.GL.ARB.vertex_program.GL_MAX_PROGRAM_PARAMETERS_ARB
2026-07-08 12:58:33,603 DEBUG OpenGL.GL.shaders: Found no alternate for: OpenGL.GL.ARB.vertex_program.GL_MAX_PROGRAM_TEMPORARIES_ARB
2026-07-08 12:58:33,603 DEBUG OpenGL.GL.shaders: Found no alternate for: OpenGL.GL.ARB.vertex_program.GL_PROGRAM_ADDRESS_REGISTERS_ARB
2026-07-08 12:58:33,604 DEBUG OpenGL.GL.shaders: Found no alternate for: OpenGL.GL.ARB.vertex_program.GL_PROGRAM_ATTRIBS_ARB
2026-07-08 12:58:33,606 DEBUG OpenGL.GL.shaders: Found no alternate for: OpenGL.GL.ARB.vertex_program.GL_PROGRAM_BINDING_ARB
2026-07-08 12:58:33,606 DEBUG OpenGL.GL.shaders: Found no alternate for: OpenGL.GL.ARB.vertex_program.GL_PROGRAM_ERROR_POSITION_ARB
2026-07-08 12:58:33,607 DEBUG OpenGL.GL.shaders: Found no alternate for: OpenGL.GL.ARB.vertex_program.GL_PROGRAM_ERROR_STRING_ARB
2026-07-08 12:58:33,608 DEBUG OpenGL.GL.shaders: Found no alternate for: OpenGL.GL.ARB.vertex_program.GL_PROGRAM_FORMAT_ARB
2026-07-08 12:58:33,611 DEBUG OpenGL.GL.shaders: Found no alternate for: OpenGL.GL.ARB.vertex_program.GL_PROGRAM_FORMAT_ASCII_ARB
2026-07-08 12:58:33,612 DEBUG OpenGL.GL.shaders: Found no alternate for: OpenGL.GL.ARB.vertex_program.GL_PROGRAM_INSTRUCTIONS_ARB
2026-07-08 12:58:33,613 DEBUG OpenGL.GL.shaders: Found no alternate for: OpenGL.GL.ARB.vertex_program.GL_PROGRAM_LENGTH_ARB
2026-07-08 12:58:33,614 DEBUG OpenGL.GL.shaders: Found no alternate for: OpenGL.GL.ARB.vertex_program.GL_PROGRAM_NATIVE_ADDRESS_REGISTERS_ARB
2026-07-08 12:58:33,615 DEBUG OpenGL.GL.shaders: Found no alternate for: OpenGL.GL.ARB.vertex_program.GL_PROGRAM_NATIVE_ATTRIBS_ARB
2026-07-08 12:58:33,615 DEBUG OpenGL.GL.shaders: Found no alternate for: OpenGL.GL.ARB.vertex_program.GL_PROGRAM_NATIVE_INSTRUCTIONS_ARB
2026-07-08 12:58:33,616 DEBUG OpenGL.GL.shaders: Found no alternate for: OpenGL.GL.ARB.vertex_program.GL_PROGRAM_NATIVE_PARAMETERS_ARB
2026-07-08 12:58:33,616 DEBUG OpenGL.GL.shaders: Found no alternate for: OpenGL.GL.ARB.vertex_program.GL_PROGRAM_NATIVE_TEMPORARIES_ARB
2026-07-08 12:58:33,617 DEBUG OpenGL.GL.shaders: Found no alternate for: OpenGL.GL.ARB.vertex_program.GL_PROGRAM_PARAMETERS_ARB
2026-07-08 12:58:33,618 DEBUG OpenGL.GL.shaders: Found no alternate for: OpenGL.GL.ARB.vertex_program.GL_PROGRAM_STRING_ARB
2026-07-08 12:58:33,618 DEBUG OpenGL.GL.shaders: Found no alternate for: OpenGL.GL.ARB.vertex_program.GL_PROGRAM_TEMPORARIES_ARB
2026-07-08 12:58:33,619 DEBUG OpenGL.GL.shaders: Found no alternate for: OpenGL.GL.ARB.vertex_program.GL_PROGRAM_UNDER_NATIVE_LIMITS_ARB
2026-07-08 12:58:33,620 DEBUG OpenGL.GL.shaders: Found no alternate for: OpenGL.GL.ARB.vertex_program.GL_TRANSPOSE_CURRENT_MATRIX_ARB
2026-07-08 12:58:33,621 DEBUG OpenGL.GL.shaders: Found no alternate for: OpenGL.GL.ARB.vertex_program.GL_VERTEX_PROGRAM_ARB
2026-07-08 12:58:33,623 DEBUG OpenGL.GL.shaders: Found no alternate for: OpenGL.GL.ARB.vertex_program.GLhalfARB
2026-07-08 12:58:33,624 DEBUG OpenGL.GL.shaders: Found no alternate for: OpenGL.GL.ARB.vertex_program.glBindProgramARB
2026-07-08 12:58:33,625 DEBUG OpenGL.GL.shaders: Found no alternate for: OpenGL.GL.ARB.vertex_program.glDeleteProgramsARB
2026-07-08 12:58:33,626 DEBUG OpenGL.GL.shaders: Found no alternate for: OpenGL.GL.ARB.vertex_program.glGenProgramsARB
2026-07-08 12:58:33,627 DEBUG OpenGL.GL.shaders: Found no alternate for: OpenGL.GL.ARB.vertex_program.glGetProgramEnvParameterdvARB
2026-07-08 12:58:33,627 DEBUG OpenGL.GL.shaders: Found no alternate for: OpenGL.GL.ARB.vertex_program.glGetProgramEnvParameterfvARB
2026-07-08 12:58:33,628 DEBUG OpenGL.GL.shaders: Found no alternate for: OpenGL.GL.ARB.vertex_program.glGetProgramLocalParameterdvARB
2026-07-08 12:58:33,631 DEBUG OpenGL.GL.shaders: Found no alternate for: OpenGL.GL.ARB.vertex_program.glGetProgramLocalParameterfvARB
2026-07-08 12:58:33,633 DEBUG OpenGL.GL.shaders: Found no alternate for: OpenGL.GL.ARB.vertex_program.glGetProgramStringARB
2026-07-08 12:58:33,633 DEBUG OpenGL.GL.shaders: Found no alternate for: OpenGL.GL.ARB.vertex_program.glGetProgramivARB
2026-07-08 12:58:33,634 DEBUG OpenGL.GL.shaders: Found no alternate for: OpenGL.GL.ARB.vertex_program.glInitVertexProgramARB
2026-07-08 12:58:33,635 DEBUG OpenGL.GL.shaders: Found no alternate for: OpenGL.GL.ARB.vertex_program.glProgramEnvParameter4dARB
2026-07-08 12:58:33,636 DEBUG OpenGL.GL.shaders: Found no alternate for: OpenGL.GL.ARB.vertex_program.glProgramEnvParameter4dvARB
2026-07-08 12:58:33,636 DEBUG OpenGL.GL.shaders: Found no alternate for: OpenGL.GL.ARB.vertex_program.glProgramEnvParameter4fARB
2026-07-08 12:58:33,638 DEBUG OpenGL.GL.shaders: Found no alternate for: OpenGL.GL.ARB.vertex_program.glProgramEnvParameter4fvARB
2026-07-08 12:58:33,639 DEBUG OpenGL.GL.shaders: Found no alternate for: OpenGL.GL.ARB.vertex_program.glProgramLocalParameter4dARB
2026-07-08 12:58:33,640 DEBUG OpenGL.GL.shaders: Found no alternate for: OpenGL.GL.ARB.vertex_program.glProgramLocalParameter4dvARB
2026-07-08 12:58:33,640 DEBUG OpenGL.GL.shaders: Found no alternate for: OpenGL.GL.ARB.vertex_program.glProgramLocalParameter4fARB
2026-07-08 12:58:33,641 DEBUG OpenGL.GL.shaders: Found no alternate for: OpenGL.GL.ARB.vertex_program.glProgramLocalParameter4fvARB
2026-07-08 12:58:33,642 DEBUG OpenGL.GL.shaders: Found no alternate for: OpenGL.GL.ARB.vertex_program.glProgramStringARB
2026-07-08 12:58:33,644 DEBUG OpenGL.GL.shaders: Found no alternate for: OpenGL.GL.ARB.geometry_shader4.GL_FRAMEBUFFER_INCOMPLETE_LAYER_COUNT_ARB
2026-07-08 12:58:33,647 DEBUG OpenGL.GL.shaders: Found no alternate for: OpenGL.GL.ARB.geometry_shader4.GL_MAX_GEOMETRY_VARYING_COMPONENTS_ARB
2026-07-08 12:58:33,648 DEBUG OpenGL.GL.shaders: Found no alternate for: OpenGL.GL.ARB.geometry_shader4.GL_MAX_VERTEX_VARYING_COMPONENTS_ARB
2026-07-08 12:58:33,649 DEBUG OpenGL.GL.shaders: Found no alternate for: OpenGL.GL.ARB.geometry_shader4.GLhalfARB
2026-07-08 12:58:33,650 DEBUG OpenGL.GL.shaders: Found no alternate for: OpenGL.GL.ARB.geometry_shader4.glFramebufferTextureFaceARB
2026-07-08 12:58:33,651 DEBUG OpenGL.GL.shaders: Found no alternate for: OpenGL.GL.ARB.geometry_shader4.glInitGeometryShader4ARB
2026-07-08 13:12:22,430 INFO __main__: Starting application
2026-07-08 13:12:33,036 INFO OpenGL.acceleratesupport: No OpenGL_accelerate module loaded: No module named 'OpenGL_accelerate'
2026-07-08 14:33:07,112 INFO __main__: Starting application
2026-07-08 14:33:18,752 INFO OpenGL.acceleratesupport: No OpenGL_accelerate module loaded: No module named 'OpenGL_accelerate'
2026-07-08 14:43:26,087 INFO __main__: Starting application
2026-07-08 14:43:35,556 INFO OpenGL.acceleratesupport: No OpenGL_accelerate module loaded: No module named 'OpenGL_accelerate'
2026-07-08 15:04:28,751 INFO __main__: Starting application
2026-07-08 15:04:37,790 INFO OpenGL.acceleratesupport: No OpenGL_accelerate module loaded: No module named 'OpenGL_accelerate'
2026-07-08 15:29:53,397 INFO __main__: Starting application
2026-07-08 15:30:04,145 INFO OpenGL.acceleratesupport: No OpenGL_accelerate module loaded: No module named 'OpenGL_accelerate'
